[2025-12-10 00:15:05] [INFO] Configuration:
[2025-12-10 00:15:05] [INFO]   JSON file:     .\user_ids_2025-12-07_173039.json
[2025-12-10 00:15:05] [INFO]   Delay range:   5-15 seconds
[2025-12-10 00:15:05] [INFO]   Homepage freq: Every 3 influencers
[2025-12-10 00:15:05] [INFO]   Dry run:       False
[2025-12-10 00:15:05] [INFO]   Log file:      logs/stories_20251210_001505.log
[2025-12-10 00:15:05] [INFO] 
[2025-12-10 00:15:05] [INFO] ============================================================
[2025-12-10 00:15:05] [INFO] 🚀 Starting Daily Stories Automation
[2025-12-10 00:15:05] [INFO] ============================================================
[2025-12-10 00:15:05] [INFO] Loading influencers from: .\user_ids_2025-12-07_173039.json
[2025-12-10 00:15:05] [SUCCESS] Loaded 17 influencers
[2025-12-10 00:15:05] [INFO] Skipping 1 private accounts
[2025-12-10 00:15:05] [INFO] Processing 16 public accounts in random order
[2025-12-10 00:15:05] [INFO] 
--- Progress: 1/16 ---
[2025-12-10 00:15:05] [INFO] 📸 Fetching stories for @orit.shoham.raived (ID: 37416744)
[2025-12-10 00:15:19] [SUCCESS] ✓ Successfully fetched stories for @orit.shoham.raived
[2025-12-10 00:15:19] [DEBUG] ⏳ Waiting 10.2s before next action...
[2025-12-10 00:15:29] [INFO] 
--- Progress: 2/16 ---
[2025-12-10 00:15:29] [INFO] 📸 Fetching stories for @ruchy_asher (ID: 2917864674)
[2025-12-10 00:15:33] [SUCCESS] ✓ Successfully fetched stories for @ruchy_asher
[2025-12-10 00:15:33] [DEBUG] ⏳ Waiting 14.7s before next action...
[2025-12-10 00:15:48] [INFO] 
--- Progress: 3/16 ---
[2025-12-10 00:15:48] [INFO] 📸 Fetching stories for @sivanazriel123 (ID: 1936447986)
[2025-12-10 00:16:23] [SUCCESS] ✓ Successfully fetched stories for @sivanazriel123
[2025-12-10 00:16:23] [INFO] 🏠 Simulating homepage visit...
[2025-12-10 00:16:23] [DEBUG] Homepage visit delay: 14.1s
[2025-12-10 00:16:37] [DEBUG] ⏳ Waiting 14.7s before next action...
[2025-12-10 00:16:52] [INFO] 
--- Progress: 4/16 ---
[2025-12-10 00:16:52] [INFO] 📸 Fetching stories for @batyaschiff (ID: 289493513)
[2025-12-10 00:17:00] [SUCCESS] ✓ Successfully fetched stories for @batyaschiff
[2025-12-10 00:17:00] [DEBUG] ⏳ Waiting 10.6s before next action...
[2025-12-10 00:17:11] [INFO] 
--- Progress: 5/16 ---
[2025-12-10 00:17:11] [INFO] 📸 Fetching stories for @halperinnana (ID: 367022132)
[2025-12-10 00:17:21] [SUCCESS] ✓ Successfully fetched stories for @halperinnana
[2025-12-10 00:17:21] [DEBUG] ⏳ Waiting 5.2s before next action...
[2025-12-10 00:17:27] [INFO] 
--- Progress: 6/16 ---
[2025-12-10 00:17:27] [INFO] 📸 Fetching stories for @shuki_salomon (ID: 2049372608)
[2025-12-10 00:17:41] [SUCCESS] ✓ Successfully fetched stories for @shuki_salomon
[2025-12-10 00:17:41] [INFO] 🏠 Simulating homepage visit...
[2025-12-10 00:17:41] [DEBUG] Homepage visit delay: 9.1s
[2025-12-10 00:17:50] [DEBUG] ⏳ Waiting 6.2s before next action...
[2025-12-10 00:17:56] [INFO] 
--- Progress: 7/16 ---
[2025-12-10 00:17:56] [INFO] 📸 Fetching stories for @chanipollak (ID: 31331095)
[2025-12-10 00:18:02] [SUCCESS] ✓ Successfully fetched stories for @chanipollak
[2025-12-10 00:18:02] [DEBUG] ⏳ Waiting 9.5s before next action...
[2025-12-10 00:18:12] [INFO] 
--- Progress: 8/16 ---
[2025-12-10 00:18:12] [INFO] 📸 Fetching stories for @kerenshaham (ID: 17784724)
[2025-12-10 00:18:25] [SUCCESS] ✓ Successfully fetched stories for @kerenshaham
[2025-12-10 00:18:25] [DEBUG] ⏳ Waiting 13.9s before next action...
[2025-12-10 00:18:39] [INFO] 
--- Progress: 9/16 ---
[2025-12-10 00:18:39] [INFO] 📸 Fetching stories for @einavbooblil_benisti (ID: 292491244)
[2025-12-10 00:19:39] [SUCCESS] ✓ Successfully fetched stories for @einavbooblil_benisti
[2025-12-10 00:19:39] [INFO] 🏠 Simulating homepage visit...
[2025-12-10 00:19:39] [DEBUG] Homepage visit delay: 8.3s
[2025-12-10 00:19:47] [DEBUG] ⏳ Waiting 6.1s before next action...
[2025-12-10 00:19:53] [INFO] 
--- Progress: 10/16 ---
[2025-12-10 00:19:53] [INFO] 📸 Fetching stories for @danielamit (ID: 37235253)
[2025-12-10 00:20:42] [SUCCESS] ✓ Successfully fetched stories for @danielamit
[2025-12-10 00:20:42] [DEBUG] ⏳ Waiting 6.0s before next action...
[2025-12-10 00:20:48] [INFO] 
--- Progress: 11/16 ---
[2025-12-10 00:20:48] [INFO] 📸 Fetching stories for @iska_hajeje_karsenti (ID: 687405543)
[2025-12-10 00:21:12] [SUCCESS] ✓ Successfully fetched stories for @iska_hajeje_karsenti
[2025-12-10 00:21:12] [DEBUG] ⏳ Waiting 10.9s before next action...
[2025-12-10 00:21:22] [INFO] 
--- Progress: 12/16 ---
[2025-12-10 00:21:22] [INFO] 📸 Fetching stories for @yaelzien (ID: 38567229589)
[2025-12-10 00:22:11] [SUCCESS] ✓ Successfully fetched stories for @yaelzien
[2025-12-10 00:22:11] [INFO] 🏠 Simulating homepage visit...
[2025-12-10 00:22:11] [DEBUG] Homepage visit delay: 12.2s
[2025-12-10 00:22:23] [DEBUG] ⏳ Waiting 6.0s before next action...
[2025-12-10 00:22:29] [INFO] 
--- Progress: 13/16 ---
[2025-12-10 00:22:29] [INFO] 📸 Fetching stories for @danagrotsky (ID: 29131423)
[2025-12-10 00:22:43] [SUCCESS] ✓ Successfully fetched stories for @danagrotsky
[2025-12-10 00:22:43] [DEBUG] ⏳ Waiting 10.2s before next action...
[2025-12-10 00:22:53] [INFO] 
--- Progress: 14/16 ---
[2025-12-10 00:22:53] [INFO] 📸 Fetching stories for @rutimenat_makeup_artist (ID: 1593326936)
[2025-12-10 00:22:54] [SUCCESS] ✓ Successfully fetched stories for @rutimenat_makeup_artist
[2025-12-10 00:22:54] [DEBUG] ⏳ Waiting 14.9s before next action...
[2025-12-10 00:23:09] [INFO] 
--- Progress: 15/16 ---
[2025-12-10 00:23:09] [INFO] 📸 Fetching stories for @corringideon (ID: 212668164)
[2025-12-10 00:23:30] [SUCCESS] ✓ Successfully fetched stories for @corringideon
[2025-12-10 00:23:30] [INFO] 🏠 Simulating homepage visit...
[2025-12-10 00:23:30] [DEBUG] Homepage visit delay: 7.4s
[2025-12-10 00:23:37] [DEBUG] ⏳ Waiting 14.7s before next action...
[2025-12-10 00:23:52] [INFO] 
--- Progress: 16/16 ---
[2025-12-10 00:23:52] [INFO] 📸 Fetching stories for @orli_harar_79 (ID: 7604174133)
[2025-12-10 00:24:26] [SUCCESS] ✓ Successfully fetched stories for @orli_harar_79
[2025-12-10 00:24:26] [INFO] 
============================================================
[2025-12-10 00:24:26] [INFO] 📊 AUTOMATION SUMMARY
[2025-12-10 00:24:26] [INFO] ============================================================
[2025-12-10 00:24:26] [INFO] Total processed:    16
[2025-12-10 00:24:26] [INFO] ✓ Successful:       16
[2025-12-10 00:24:26] [INFO] ✗ Failed:           0
[2025-12-10 00:24:26] [INFO] ⊘ Skipped:          1
[2025-12-10 00:24:26] [INFO] 🏠 Homepage visits:  5
[2025-12-10 00:24:26] [INFO] ⏱ Total time:       9.4 minutes
[2025-12-10 00:24:26] [INFO] ============================================================
