[2025-12-13 21:51:07] [INFO] Configuration:
[2025-12-13 21:51:07] [INFO]   JSON file:     .\user_ids_2025-12-07_173039.json
[2025-12-13 21:51:07] [INFO]   Delay range:   5-15 seconds
[2025-12-13 21:51:07] [INFO]   Homepage freq: Every 3 influencers
[2025-12-13 21:51:07] [INFO]   Dry run:       False
[2025-12-13 21:51:07] [INFO]   Log file:      logs/stories_20251213_215107.log
[2025-12-13 21:51:07] [INFO] 
[2025-12-13 21:51:07] [INFO] ============================================================
[2025-12-13 21:51:07] [INFO] 🚀 Starting Daily Stories Automation
[2025-12-13 21:51:07] [INFO] ============================================================
[2025-12-13 21:51:07] [INFO] Loading influencers from: .\user_ids_2025-12-07_173039.json
[2025-12-13 21:51:07] [SUCCESS] Loaded 22 influencers
[2025-12-13 21:51:07] [INFO] Skipping 1 private accounts
[2025-12-13 21:51:07] [INFO] Processing 21 public accounts in random order
[2025-12-13 21:51:07] [INFO] 
--- Progress: 1/21 ---
[2025-12-13 21:51:07] [INFO] 📸 Fetching stories for @sarashababo (ID: 4517983087)
[2025-12-13 21:51:08] [SUCCESS] ✓ Successfully fetched stories for @sarashababo
[2025-12-13 21:51:08] [DEBUG] ⏳ Waiting 6.7s before next action...
[2025-12-13 21:51:14] [INFO] 
--- Progress: 2/21 ---
[2025-12-13 21:51:14] [INFO] 📸 Fetching stories for @sivanazriel123 (ID: 1936447986)
[2025-12-13 21:51:44] [SUCCESS] ✓ Successfully fetched stories for @sivanazriel123
[2025-12-13 21:51:44] [DEBUG] ⏳ Waiting 13.5s before next action...
[2025-12-13 21:51:57] [INFO] 
--- Progress: 3/21 ---
[2025-12-13 21:51:57] [INFO] 📸 Fetching stories for @gal_tzemah_pastel (ID: 687480427)
[2025-12-13 21:51:58] [SUCCESS] ✓ Successfully fetched stories for @gal_tzemah_pastel
[2025-12-13 21:51:58] [INFO] 🏠 Simulating homepage visit...
[2025-12-13 21:51:58] [DEBUG] Homepage visit delay: 13.5s
[2025-12-13 21:52:11] [DEBUG] ⏳ Waiting 6.1s before next action...
[2025-12-13 21:52:17] [INFO] 
--- Progress: 4/21 ---
[2025-12-13 21:52:17] [INFO] 📸 Fetching stories for @batyaschiff (ID: 289493513)
[2025-12-13 21:52:18] [SUCCESS] ✓ Successfully fetched stories for @batyaschiff
[2025-12-13 21:52:18] [DEBUG] ⏳ Waiting 9.3s before next action...
[2025-12-13 21:52:27] [INFO] 
--- Progress: 5/21 ---
[2025-12-13 21:52:27] [INFO] 📸 Fetching stories for @estybarr (ID: 6175450459)
[2025-12-13 21:52:41] [SUCCESS] ✓ Successfully fetched stories for @estybarr
[2025-12-13 21:52:41] [DEBUG] ⏳ Waiting 12.2s before next action...
[2025-12-13 21:52:53] [INFO] 
--- Progress: 6/21 ---
[2025-12-13 21:52:53] [INFO] 📸 Fetching stories for @orli_harar_79 (ID: 7604174133)
[2025-12-13 21:52:58] [SUCCESS] ✓ Successfully fetched stories for @orli_harar_79
[2025-12-13 21:52:58] [INFO] 🏠 Simulating homepage visit...
[2025-12-13 21:52:58] [DEBUG] Homepage visit delay: 14.0s
[2025-12-13 21:53:12] [DEBUG] ⏳ Waiting 8.3s before next action...
[2025-12-13 21:53:20] [INFO] 
--- Progress: 7/21 ---
[2025-12-13 21:53:20] [INFO] 📸 Fetching stories for @shuki_salomon (ID: 2049372608)
[2025-12-13 21:53:32] [SUCCESS] ✓ Successfully fetched stories for @shuki_salomon
[2025-12-13 21:53:32] [DEBUG] ⏳ Waiting 10.0s before next action...
[2025-12-13 21:53:42] [INFO] 
--- Progress: 8/21 ---
[2025-12-13 21:53:42] [INFO] 📸 Fetching stories for @estysoco (ID: 54950354)
[2025-12-13 21:53:49] [SUCCESS] ✓ Successfully fetched stories for @estysoco
[2025-12-13 21:53:49] [DEBUG] ⏳ Waiting 8.6s before next action...
[2025-12-13 21:53:57] [INFO] 
--- Progress: 9/21 ---
[2025-12-13 21:53:57] [INFO] 📸 Fetching stories for @shelyhaimov (ID: 216695190)
[2025-12-13 21:54:09] [SUCCESS] ✓ Successfully fetched stories for @shelyhaimov
[2025-12-13 21:54:09] [INFO] 🏠 Simulating homepage visit...
[2025-12-13 21:54:09] [DEBUG] Homepage visit delay: 7.8s
[2025-12-13 21:54:17] [DEBUG] ⏳ Waiting 7.9s before next action...
[2025-12-13 21:54:24] [INFO] 
--- Progress: 10/21 ---
[2025-12-13 21:54:24] [INFO] 📸 Fetching stories for @danagrotsky (ID: 29131423)
[2025-12-13 21:54:37] [SUCCESS] ✓ Successfully fetched stories for @danagrotsky
[2025-12-13 21:54:37] [DEBUG] ⏳ Waiting 6.6s before next action...
[2025-12-13 21:54:44] [INFO] 
--- Progress: 11/21 ---
[2025-12-13 21:54:44] [INFO] 📸 Fetching stories for @shilatcohen_social (ID: 39138651195)
[2025-12-13 21:54:57] [SUCCESS] ✓ Successfully fetched stories for @shilatcohen_social
[2025-12-13 21:54:57] [DEBUG] ⏳ Waiting 14.3s before next action...
[2025-12-13 21:55:11] [INFO] 
--- Progress: 12/21 ---
[2025-12-13 21:55:11] [INFO] 📸 Fetching stories for @danielamit (ID: 37235253)
[2025-12-13 21:55:52] [SUCCESS] ✓ Successfully fetched stories for @danielamit
[2025-12-13 21:55:52] [INFO] 🏠 Simulating homepage visit...
[2025-12-13 21:55:52] [DEBUG] Homepage visit delay: 6.7s
[2025-12-13 21:55:59] [DEBUG] ⏳ Waiting 12.8s before next action...
[2025-12-13 21:56:12] [INFO] 
--- Progress: 13/21 ---
[2025-12-13 21:56:12] [INFO] 📸 Fetching stories for @yaelzien (ID: 38567229589)
[2025-12-13 21:56:45] [SUCCESS] ✓ Successfully fetched stories for @yaelzien
[2025-12-13 21:56:45] [DEBUG] ⏳ Waiting 8.6s before next action...
[2025-12-13 21:56:53] [INFO] 
--- Progress: 14/21 ---
[2025-12-13 21:56:53] [INFO] 📸 Fetching stories for @rutimenat_makeup_artist (ID: 1593326936)
[2025-12-13 21:57:00] [SUCCESS] ✓ Successfully fetched stories for @rutimenat_makeup_artist
[2025-12-13 21:57:00] [DEBUG] ⏳ Waiting 8.0s before next action...
[2025-12-13 21:57:07] [INFO] 
--- Progress: 15/21 ---
[2025-12-13 21:57:07] [INFO] 📸 Fetching stories for @ruchy_asher (ID: 2917864674)
[2025-12-13 21:57:11] [SUCCESS] ✓ Successfully fetched stories for @ruchy_asher
[2025-12-13 21:57:11] [INFO] 🏠 Simulating homepage visit...
[2025-12-13 21:57:11] [DEBUG] Homepage visit delay: 10.0s
[2025-12-13 21:57:21] [DEBUG] ⏳ Waiting 13.6s before next action...
[2025-12-13 21:57:35] [INFO] 
--- Progress: 16/21 ---
[2025-12-13 21:57:35] [INFO] 📸 Fetching stories for @chanipollak (ID: 31331095)
[2025-12-13 21:57:43] [SUCCESS] ✓ Successfully fetched stories for @chanipollak
[2025-12-13 21:57:43] [DEBUG] ⏳ Waiting 10.0s before next action...
[2025-12-13 21:57:53] [INFO] 
--- Progress: 17/21 ---
[2025-12-13 21:57:53] [INFO] 📸 Fetching stories for @einavbooblil_benisti (ID: 292491244)
[2025-12-13 21:58:35] [SUCCESS] ✓ Successfully fetched stories for @einavbooblil_benisti
[2025-12-13 21:58:35] [DEBUG] ⏳ Waiting 11.7s before next action...
[2025-12-13 21:58:46] [INFO] 
--- Progress: 18/21 ---
[2025-12-13 21:58:46] [INFO] 📸 Fetching stories for @kerenshaham (ID: 17784724)
[2025-12-13 21:58:48] [SUCCESS] ✓ Successfully fetched stories for @kerenshaham
[2025-12-13 21:58:48] [INFO] 🏠 Simulating homepage visit...
[2025-12-13 21:58:48] [DEBUG] Homepage visit delay: 6.9s
[2025-12-13 21:58:55] [DEBUG] ⏳ Waiting 11.4s before next action...
[2025-12-13 21:59:06] [INFO] 
--- Progress: 19/21 ---
[2025-12-13 21:59:06] [INFO] 📸 Fetching stories for @halperinnana (ID: 367022132)
[2025-12-13 21:59:11] [SUCCESS] ✓ Successfully fetched stories for @halperinnana
[2025-12-13 21:59:11] [DEBUG] ⏳ Waiting 11.1s before next action...
[2025-12-13 21:59:23] [INFO] 
--- Progress: 20/21 ---
[2025-12-13 21:59:23] [INFO] 📸 Fetching stories for @orit.shoham.raived (ID: 37416744)
[2025-12-13 21:59:56] [SUCCESS] ✓ Successfully fetched stories for @orit.shoham.raived
[2025-12-13 21:59:56] [DEBUG] ⏳ Waiting 9.6s before next action...
[2025-12-13 22:00:06] [INFO] 
--- Progress: 21/21 ---
[2025-12-13 22:00:06] [INFO] 📸 Fetching stories for @corringideon (ID: 212668164)
[2025-12-13 22:00:24] [SUCCESS] ✓ Successfully fetched stories for @corringideon
[2025-12-13 22:00:24] [INFO] 
============================================================
[2025-12-13 22:00:24] [INFO] 📊 AUTOMATION SUMMARY
[2025-12-13 22:00:24] [INFO] ============================================================
[2025-12-13 22:00:24] [INFO] Total processed:    21
[2025-12-13 22:00:24] [INFO] ✓ Successful:       21
[2025-12-13 22:00:24] [INFO] ✗ Failed:           0
[2025-12-13 22:00:24] [INFO] ⊘ Skipped:          1
[2025-12-13 22:00:24] [INFO] 🏠 Homepage visits:  6
[2025-12-13 22:00:24] [INFO] ⏱ Total time:       9.3 minutes
[2025-12-13 22:00:24] [INFO] ============================================================
