[2025-12-13 21:45:33] [INFO] Configuration:
[2025-12-13 21:45:33] [INFO]   JSON file:     .\user_ids_2025-12-07_173039.json
[2025-12-13 21:45:33] [INFO]   Delay range:   5-15 seconds
[2025-12-13 21:45:33] [INFO]   Homepage freq: Every 3 influencers
[2025-12-13 21:45:33] [INFO]   Dry run:       False
[2025-12-13 21:45:33] [INFO]   Log file:      logs/stories_20251213_214533.log
[2025-12-13 21:45:33] [INFO] 
[2025-12-13 21:45:33] [INFO] ============================================================
[2025-12-13 21:45:33] [INFO] 🚀 Starting Daily Stories Automation
[2025-12-13 21:45:33] [INFO] ============================================================
[2025-12-13 21:45:33] [INFO] Loading influencers from: .\user_ids_2025-12-07_173039.json
[2025-12-13 21:45:33] [SUCCESS] Loaded 22 influencers
[2025-12-13 21:45:33] [INFO] Skipping 1 private accounts
[2025-12-13 21:45:33] [INFO] Processing 21 public accounts in random order
[2025-12-13 21:45:33] [INFO] 
--- Progress: 1/21 ---
[2025-12-13 21:45:33] [INFO] 📸 Fetching stories for @orli_harar_79 (ID: 7604174133)
[2025-12-13 21:45:40] [SUCCESS] ✓ Successfully fetched stories for @orli_harar_79
[2025-12-13 21:45:40] [DEBUG] ⏳ Waiting 9.2s before next action...
[2025-12-13 21:45:49] [INFO] 
--- Progress: 2/21 ---
[2025-12-13 21:45:49] [INFO] 📸 Fetching stories for @kerenshaham (ID: 17784724)
[2025-12-13 21:45:50] [SUCCESS] ✓ Successfully fetched stories for @kerenshaham
[2025-12-13 21:45:50] [DEBUG] ⏳ Waiting 13.5s before next action...
[2025-12-13 21:46:03] [INFO] 
--- Progress: 3/21 ---
[2025-12-13 21:46:03] [INFO] 📸 Fetching stories for @sivanazriel123 (ID: 1936447986)
[2025-12-13 21:46:34] [SUCCESS] ✓ Successfully fetched stories for @sivanazriel123
[2025-12-13 21:46:34] [INFO] 🏠 Simulating homepage visit...
[2025-12-13 21:46:34] [DEBUG] Homepage visit delay: 10.4s
[2025-12-13 21:46:44] [DEBUG] ⏳ Waiting 13.1s before next action...
[2025-12-13 21:46:57] [INFO] 
--- Progress: 4/21 ---
[2025-12-13 21:46:57] [INFO] 📸 Fetching stories for @halperinnana (ID: 367022132)
[2025-12-13 21:47:00] [SUCCESS] ✓ Successfully fetched stories for @halperinnana
[2025-12-13 21:47:00] [DEBUG] ⏳ Waiting 8.6s before next action...
[2025-12-13 21:47:09] [INFO] 
--- Progress: 5/21 ---
[2025-12-13 21:47:09] [INFO] 📸 Fetching stories for @sarashababo (ID: 4517983087)
[2025-12-13 21:47:09] [SUCCESS] ✓ Successfully fetched stories for @sarashababo
[2025-12-13 21:47:09] [DEBUG] ⏳ Waiting 13.7s before next action...
[2025-12-13 21:47:23] [INFO] 
--- Progress: 6/21 ---
[2025-12-13 21:47:23] [INFO] 📸 Fetching stories for @danielamit (ID: 37235253)
[2025-12-13 21:47:56] [SUCCESS] ✓ Successfully fetched stories for @danielamit
[2025-12-13 21:47:56] [INFO] 🏠 Simulating homepage visit...
[2025-12-13 21:47:56] [DEBUG] Homepage visit delay: 7.8s
[2025-12-13 21:48:03] [DEBUG] ⏳ Waiting 12.2s before next action...
[2025-12-13 21:48:16] [INFO] 
--- Progress: 7/21 ---
[2025-12-13 21:48:16] [INFO] 📸 Fetching stories for @chanipollak (ID: 31331095)
[2025-12-13 21:48:16] [SUCCESS] ✓ Successfully fetched stories for @chanipollak
[2025-12-13 21:48:16] [DEBUG] ⏳ Waiting 7.4s before next action...
[2025-12-13 21:48:24] [INFO] 
--- Progress: 8/21 ---
[2025-12-13 21:48:24] [INFO] 📸 Fetching stories for @gal_tzemah_pastel (ID: 687480427)
[2025-12-13 21:48:24] [SUCCESS] ✓ Successfully fetched stories for @gal_tzemah_pastel
[2025-12-13 21:48:24] [DEBUG] ⏳ Waiting 14.3s before next action...
[2025-12-13 21:48:38] [INFO] 
--- Progress: 9/21 ---
[2025-12-13 21:48:38] [INFO] 📸 Fetching stories for @ruchy_asher (ID: 2917864674)
[2025-12-13 21:48:40] [SUCCESS] ✓ Successfully fetched stories for @ruchy_asher
[2025-12-13 21:48:40] [INFO] 🏠 Simulating homepage visit...
[2025-12-13 21:48:40] [DEBUG] Homepage visit delay: 5.8s
[2025-12-13 21:48:46] [DEBUG] ⏳ Waiting 7.8s before next action...
[2025-12-13 21:48:54] [INFO] 
--- Progress: 10/21 ---
[2025-12-13 21:48:54] [INFO] 📸 Fetching stories for @yaelzien (ID: 38567229589)
[2025-12-13 21:49:19] [SUCCESS] ✓ Successfully fetched stories for @yaelzien
[2025-12-13 21:49:19] [DEBUG] ⏳ Waiting 14.8s before next action...
[2025-12-13 21:49:34] [INFO] 
--- Progress: 11/21 ---
[2025-12-13 21:49:34] [INFO] 📸 Fetching stories for @shilatcohen_social (ID: 39138651195)
[2025-12-13 21:50:01] [SUCCESS] ✓ Successfully fetched stories for @shilatcohen_social
[2025-12-13 21:50:01] [DEBUG] ⏳ Waiting 9.3s before next action...
[2025-12-13 21:50:11] [INFO] 
--- Progress: 12/21 ---
[2025-12-13 21:50:11] [INFO] 📸 Fetching stories for @danagrotsky (ID: 29131423)
[2025-12-13 21:50:22] [WARNING] 
⚠️  Interrupted by user
