[2025-12-07 22:36:36] [INFO] Configuration:
[2025-12-07 22:36:36] [INFO]   JSON file:     .\user_ids_2025-12-07_173039.json
[2025-12-07 22:36:36] [INFO]   Delay range:   10-30 seconds
[2025-12-07 22:36:36] [INFO]   Homepage freq: Every 3 influencers
[2025-12-07 22:36:36] [INFO]   Dry run:       False
[2025-12-07 22:36:36] [INFO]   Log file:      logs/stories_20251207_223636.log
[2025-12-07 22:36:36] [INFO] 
[2025-12-07 22:36:36] [INFO] ============================================================
[2025-12-07 22:36:36] [INFO] 🚀 Starting Daily Stories Automation
[2025-12-07 22:36:36] [INFO] ============================================================
[2025-12-07 22:36:36] [INFO] Loading influencers from: .\user_ids_2025-12-07_173039.json
[2025-12-07 22:36:36] [SUCCESS] Loaded 49 influencers
[2025-12-07 22:36:36] [INFO] Skipping 2 private accounts
[2025-12-07 22:36:36] [INFO] Processing 47 public accounts in random order
[2025-12-07 22:36:36] [INFO] 
--- Progress: 1/47 ---
[2025-12-07 22:36:36] [INFO] 📸 Fetching stories for @beilly_yampel (ID: 224765196)
[2025-12-07 22:36:50] [SUCCESS] ✓ Successfully fetched stories for @beilly_yampel
[2025-12-07 22:36:50] [DEBUG] ⏳ Waiting 28.3s before next action...
[2025-12-07 22:37:18] [INFO] 
--- Progress: 2/47 ---
[2025-12-07 22:37:18] [INFO] 📸 Fetching stories for @shilatcohen_social (ID: 39138651195)
[2025-12-07 22:37:41] [SUCCESS] ✓ Successfully fetched stories for @shilatcohen_social
[2025-12-07 22:37:41] [DEBUG] ⏳ Waiting 18.3s before next action...
[2025-12-07 22:37:59] [INFO] 
--- Progress: 3/47 ---
[2025-12-07 22:37:59] [INFO] 📸 Fetching stories for @ashleywaxmanbakshi (ID: 23062597)
[2025-12-07 22:38:08] [SUCCESS] ✓ Successfully fetched stories for @ashleywaxmanbakshi
[2025-12-07 22:38:08] [INFO] 🏠 Simulating homepage visit...
[2025-12-07 22:38:08] [DEBUG] Homepage visit delay: 13.5s
[2025-12-07 22:38:22] [DEBUG] ⏳ Waiting 23.1s before next action...
[2025-12-07 22:38:45] [INFO] 
--- Progress: 4/47 ---
[2025-12-07 22:38:45] [INFO] 📸 Fetching stories for @chanipollak (ID: 31331095)
[2025-12-07 22:38:53] [SUCCESS] ✓ Successfully fetched stories for @chanipollak
[2025-12-07 22:38:53] [DEBUG] ⏳ Waiting 16.0s before next action...
[2025-12-07 22:39:09] [INFO] 
--- Progress: 5/47 ---
[2025-12-07 22:39:09] [INFO] 📸 Fetching stories for @orli_harar_79 (ID: 7604174133)
[2025-12-07 22:39:27] [SUCCESS] ✓ Successfully fetched stories for @orli_harar_79
[2025-12-07 22:39:27] [DEBUG] ⏳ Waiting 27.9s before next action...
[2025-12-07 22:39:55] [INFO] 
--- Progress: 6/47 ---
[2025-12-07 22:39:55] [INFO] 📸 Fetching stories for @kerenshaham (ID: 17784724)
[2025-12-07 22:40:08] [SUCCESS] ✓ Successfully fetched stories for @kerenshaham
[2025-12-07 22:40:08] [INFO] 🏠 Simulating homepage visit...
[2025-12-07 22:40:08] [DEBUG] Homepage visit delay: 6.3s
[2025-12-07 22:40:15] [DEBUG] ⏳ Waiting 27.0s before next action...
[2025-12-07 22:40:42] [INFO] 
--- Progress: 7/47 ---
[2025-12-07 22:40:42] [INFO] 📸 Fetching stories for @shanydaphnegoldstein (ID: 14704550)
[2025-12-07 22:40:49] [SUCCESS] ✓ Successfully fetched stories for @shanydaphnegoldstein
[2025-12-07 22:40:49] [DEBUG] ⏳ Waiting 24.5s before next action...
[2025-12-07 22:41:14] [INFO] 
--- Progress: 8/47 ---
[2025-12-07 22:41:14] [INFO] 📸 Fetching stories for @halperinnana (ID: 367022132)
[2025-12-07 22:41:32] [SUCCESS] ✓ Successfully fetched stories for @halperinnana
[2025-12-07 22:41:32] [DEBUG] ⏳ Waiting 22.3s before next action...
[2025-12-07 22:41:54] [INFO] 
--- Progress: 9/47 ---
[2025-12-07 22:41:54] [INFO] 📸 Fetching stories for @estybarr (ID: 6175450459)
[2025-12-07 22:42:18] [SUCCESS] ✓ Successfully fetched stories for @estybarr
[2025-12-07 22:42:18] [INFO] 🏠 Simulating homepage visit...
[2025-12-07 22:42:18] [DEBUG] Homepage visit delay: 12.2s
[2025-12-07 22:42:31] [DEBUG] ⏳ Waiting 26.7s before next action...
[2025-12-07 22:42:57] [INFO] 
--- Progress: 10/47 ---
[2025-12-07 22:42:57] [INFO] 📸 Fetching stories for @sarashababo (ID: 4517983087)
[2025-12-07 22:42:59] [SUCCESS] ✓ Successfully fetched stories for @sarashababo
[2025-12-07 22:42:59] [DEBUG] ⏳ Waiting 13.2s before next action...
[2025-12-07 22:43:13] [INFO] 
--- Progress: 11/47 ---
[2025-12-07 22:43:13] [INFO] 📸 Fetching stories for @annezivi (ID: 203661168)
[2025-12-07 22:43:17] [SUCCESS] ✓ Successfully fetched stories for @annezivi
[2025-12-07 22:43:17] [DEBUG] ⏳ Waiting 26.8s before next action...
[2025-12-07 22:43:44] [INFO] 
--- Progress: 12/47 ---
[2025-12-07 22:43:44] [INFO] 📸 Fetching stories for @einavbooblil_benisti (ID: 292491244)
[2025-12-07 22:44:12] [SUCCESS] ✓ Successfully fetched stories for @einavbooblil_benisti
[2025-12-07 22:44:12] [INFO] 🏠 Simulating homepage visit...
[2025-12-07 22:44:12] [DEBUG] Homepage visit delay: 10.2s
[2025-12-07 22:44:23] [DEBUG] ⏳ Waiting 10.5s before next action...
[2025-12-07 22:44:33] [INFO] 
--- Progress: 13/47 ---
[2025-12-07 22:44:33] [INFO] 📸 Fetching stories for @danagrotsky (ID: 29131423)
[2025-12-07 22:44:38] [SUCCESS] ✓ Successfully fetched stories for @danagrotsky
[2025-12-07 22:44:38] [DEBUG] ⏳ Waiting 11.7s before next action...
[2025-12-07 22:44:49] [INFO] 
--- Progress: 14/47 ---
[2025-12-07 22:44:49] [INFO] 📸 Fetching stories for @odel_malul148 (ID: 56710284982)
[2025-12-07 22:44:55] [SUCCESS] ✓ Successfully fetched stories for @odel_malul148
[2025-12-07 22:44:55] [DEBUG] ⏳ Waiting 16.9s before next action...
[2025-12-07 22:45:12] [INFO] 
--- Progress: 15/47 ---
[2025-12-07 22:45:12] [INFO] 📸 Fetching stories for @batyaschiff (ID: 289493513)
[2025-12-07 22:45:18] [SUCCESS] ✓ Successfully fetched stories for @batyaschiff
[2025-12-07 22:45:18] [INFO] 🏠 Simulating homepage visit...
[2025-12-07 22:45:18] [DEBUG] Homepage visit delay: 11.3s
[2025-12-07 22:45:30] [DEBUG] ⏳ Waiting 15.6s before next action...
[2025-12-07 22:45:45] [INFO] 
--- Progress: 16/47 ---
[2025-12-07 22:45:45] [INFO] 📸 Fetching stories for @sara_basan_makeup (ID: 43098904440)
[2025-12-07 22:46:06] [SUCCESS] ✓ Successfully fetched stories for @sara_basan_makeup
[2025-12-07 22:46:06] [DEBUG] ⏳ Waiting 28.1s before next action...
[2025-12-07 22:46:34] [INFO] 
--- Progress: 17/47 ---
[2025-12-07 22:46:34] [INFO] 📸 Fetching stories for @edenangelll (ID: 203425926)
[2025-12-07 22:46:36] [SUCCESS] ✓ Successfully fetched stories for @edenangelll
[2025-12-07 22:46:36] [DEBUG] ⏳ Waiting 28.8s before next action...
[2025-12-07 22:47:05] [INFO] 
--- Progress: 18/47 ---
[2025-12-07 22:47:05] [INFO] 📸 Fetching stories for @tahel___cohen (ID: 776193419)
[2025-12-07 22:47:13] [SUCCESS] ✓ Successfully fetched stories for @tahel___cohen
[2025-12-07 22:47:13] [INFO] 🏠 Simulating homepage visit...
[2025-12-07 22:47:13] [DEBUG] Homepage visit delay: 12.3s
[2025-12-07 22:47:26] [DEBUG] ⏳ Waiting 28.3s before next action...
[2025-12-07 22:47:54] [INFO] 
--- Progress: 19/47 ---
[2025-12-07 22:47:54] [INFO] 📸 Fetching stories for @ayelet_fogel (ID: 686063632)
[2025-12-07 22:48:02] [SUCCESS] ✓ Successfully fetched stories for @ayelet_fogel
[2025-12-07 22:48:02] [DEBUG] ⏳ Waiting 13.1s before next action...
[2025-12-07 22:48:15] [INFO] 
--- Progress: 20/47 ---
[2025-12-07 22:48:15] [INFO] 📸 Fetching stories for @hana_malul (ID: 47970650725)
[2025-12-07 22:48:21] [SUCCESS] ✓ Successfully fetched stories for @hana_malul
[2025-12-07 22:48:21] [DEBUG] ⏳ Waiting 15.6s before next action...
[2025-12-07 22:48:37] [INFO] 
--- Progress: 21/47 ---
[2025-12-07 22:48:37] [INFO] 📸 Fetching stories for @orit.shoham.raived (ID: 37416744)
[2025-12-07 22:48:38] [SUCCESS] ✓ Successfully fetched stories for @orit.shoham.raived
[2025-12-07 22:48:38] [INFO] 🏠 Simulating homepage visit...
[2025-12-07 22:48:38] [DEBUG] Homepage visit delay: 15.0s
[2025-12-07 22:48:53] [DEBUG] ⏳ Waiting 19.4s before next action...
[2025-12-07 22:49:12] [INFO] 
--- Progress: 22/47 ---
[2025-12-07 22:49:12] [INFO] 📸 Fetching stories for @estysoco (ID: 54950354)
[2025-12-07 22:49:19] [SUCCESS] ✓ Successfully fetched stories for @estysoco
[2025-12-07 22:49:19] [DEBUG] ⏳ Waiting 15.7s before next action...
[2025-12-07 22:49:34] [INFO] 
--- Progress: 23/47 ---
[2025-12-07 22:49:34] [INFO] 📸 Fetching stories for @chani_vainberger (ID: 1273615238)
[2025-12-07 22:50:07] [SUCCESS] ✓ Successfully fetched stories for @chani_vainberger
[2025-12-07 22:50:07] [DEBUG] ⏳ Waiting 18.0s before next action...
[2025-12-07 22:50:25] [INFO] 
--- Progress: 24/47 ---
[2025-12-07 22:50:25] [INFO] 📸 Fetching stories for @miri_cohenn_ (ID: 3627680922)
[2025-12-07 22:50:42] [SUCCESS] ✓ Successfully fetched stories for @miri_cohenn_
[2025-12-07 22:50:42] [INFO] 🏠 Simulating homepage visit...
[2025-12-07 22:50:42] [DEBUG] Homepage visit delay: 14.9s
[2025-12-07 22:50:57] [DEBUG] ⏳ Waiting 11.5s before next action...
[2025-12-07 22:51:08] [INFO] 
--- Progress: 25/47 ---
[2025-12-07 22:51:08] [INFO] 📸 Fetching stories for @taliaovadia1 (ID: 487894176)
[2025-12-07 22:51:20] [SUCCESS] ✓ Successfully fetched stories for @taliaovadia1
[2025-12-07 22:51:20] [DEBUG] ⏳ Waiting 19.5s before next action...
[2025-12-07 22:51:40] [INFO] 
--- Progress: 26/47 ---
[2025-12-07 22:51:40] [INFO] 📸 Fetching stories for @corringideon (ID: 212668164)
[2025-12-07 22:52:06] [SUCCESS] ✓ Successfully fetched stories for @corringideon
[2025-12-07 22:52:06] [DEBUG] ⏳ Waiting 17.6s before next action...
[2025-12-07 22:52:23] [INFO] 
--- Progress: 27/47 ---
[2025-12-07 22:52:23] [INFO] 📸 Fetching stories for @shahar__hauon (ID: 205732078)
[2025-12-07 22:52:54] [SUCCESS] ✓ Successfully fetched stories for @shahar__hauon
[2025-12-07 22:52:54] [INFO] 🏠 Simulating homepage visit...
[2025-12-07 22:52:54] [DEBUG] Homepage visit delay: 5.4s
[2025-12-07 22:53:00] [DEBUG] ⏳ Waiting 16.9s before next action...
[2025-12-07 22:53:17] [INFO] 
--- Progress: 28/47 ---
[2025-12-07 22:53:17] [INFO] 📸 Fetching stories for @chavi_heifetz (ID: 24973107)
[2025-12-07 22:53:39] [SUCCESS] ✓ Successfully fetched stories for @chavi_heifetz
[2025-12-07 22:53:39] [DEBUG] ⏳ Waiting 25.7s before next action...
[2025-12-07 22:54:05] [INFO] 
--- Progress: 29/47 ---
[2025-12-07 22:54:05] [INFO] 📸 Fetching stories for @gal_tzemah_pastel (ID: 687480427)
[2025-12-07 22:54:05] [SUCCESS] ✓ Successfully fetched stories for @gal_tzemah_pastel
[2025-12-07 22:54:05] [DEBUG] ⏳ Waiting 10.9s before next action...
[2025-12-07 22:54:16] [INFO] 
--- Progress: 30/47 ---
[2025-12-07 22:54:16] [INFO] 📸 Fetching stories for @aline_cohenn (ID: 1495919534)
[2025-12-07 22:54:21] [SUCCESS] ✓ Successfully fetched stories for @aline_cohenn
[2025-12-07 22:54:21] [INFO] 🏠 Simulating homepage visit...
[2025-12-07 22:54:21] [DEBUG] Homepage visit delay: 12.5s
[2025-12-07 22:54:33] [DEBUG] ⏳ Waiting 22.2s before next action...
[2025-12-07 22:54:55] [INFO] 
--- Progress: 31/47 ---
[2025-12-07 22:54:55] [INFO] 📸 Fetching stories for @hodaya_levi_i (ID: 993779541)
[2025-12-07 22:55:00] [SUCCESS] ✓ Successfully fetched stories for @hodaya_levi_i
[2025-12-07 22:55:00] [DEBUG] ⏳ Waiting 22.0s before next action...
[2025-12-07 22:55:22] [INFO] 
--- Progress: 32/47 ---
[2025-12-07 22:55:22] [INFO] 📸 Fetching stories for @shelyhaimov (ID: 216695190)
[2025-12-07 22:55:37] [SUCCESS] ✓ Successfully fetched stories for @shelyhaimov
[2025-12-07 22:55:37] [DEBUG] ⏳ Waiting 13.6s before next action...
[2025-12-07 22:55:51] [INFO] 
--- Progress: 33/47 ---
[2025-12-07 22:55:51] [INFO] 📸 Fetching stories for @shellyeven (ID: 27064387)
[2025-12-07 22:56:08] [SUCCESS] ✓ Successfully fetched stories for @shellyeven
[2025-12-07 22:56:08] [INFO] 🏠 Simulating homepage visit...
[2025-12-07 22:56:08] [DEBUG] Homepage visit delay: 13.3s
[2025-12-07 22:56:22] [DEBUG] ⏳ Waiting 10.3s before next action...
[2025-12-07 22:56:32] [INFO] 
--- Progress: 34/47 ---
[2025-12-07 22:56:32] [INFO] 📸 Fetching stories for @danielamit (ID: 37235253)
[2025-12-07 22:57:02] [SUCCESS] ✓ Successfully fetched stories for @danielamit
[2025-12-07 22:57:02] [DEBUG] ⏳ Waiting 27.8s before next action...
[2025-12-07 22:57:30] [INFO] 
--- Progress: 35/47 ---
[2025-12-07 22:57:30] [INFO] 📸 Fetching stories for @sivanazriel123 (ID: 1936447986)
[2025-12-07 22:57:51] [SUCCESS] ✓ Successfully fetched stories for @sivanazriel123
[2025-12-07 22:57:51] [DEBUG] ⏳ Waiting 14.3s before next action...
[2025-12-07 22:58:05] [INFO] 
--- Progress: 36/47 ---
[2025-12-07 22:58:05] [INFO] 📸 Fetching stories for @shuki_salomon (ID: 2049372608)
[2025-12-07 22:58:14] [SUCCESS] ✓ Successfully fetched stories for @shuki_salomon
[2025-12-07 22:58:14] [INFO] 🏠 Simulating homepage visit...
[2025-12-07 22:58:14] [DEBUG] Homepage visit delay: 5.5s
[2025-12-07 22:58:20] [DEBUG] ⏳ Waiting 10.3s before next action...
[2025-12-07 22:58:30] [INFO] 
--- Progress: 37/47 ---
[2025-12-07 22:58:30] [INFO] 📸 Fetching stories for @shirabar_miz (ID: 53611755)
[2025-12-07 22:58:35] [SUCCESS] ✓ Successfully fetched stories for @shirabar_miz
[2025-12-07 22:58:35] [DEBUG] ⏳ Waiting 18.2s before next action...
[2025-12-07 22:58:53] [INFO] 
--- Progress: 38/47 ---
[2025-12-07 22:58:53] [INFO] 📸 Fetching stories for @giti_viner (ID: 5564973011)
[2025-12-07 22:59:44] [SUCCESS] ✓ Successfully fetched stories for @giti_viner
[2025-12-07 22:59:44] [DEBUG] ⏳ Waiting 29.4s before next action...
[2025-12-07 23:00:14] [INFO] 
--- Progress: 39/47 ---
[2025-12-07 23:00:14] [INFO] 📸 Fetching stories for @ruchy_asher (ID: 2917864674)
[2025-12-07 23:00:19] [SUCCESS] ✓ Successfully fetched stories for @ruchy_asher
[2025-12-07 23:00:19] [INFO] 🏠 Simulating homepage visit...
[2025-12-07 23:00:19] [DEBUG] Homepage visit delay: 9.0s
[2025-12-07 23:00:28] [DEBUG] ⏳ Waiting 12.8s before next action...
[2025-12-07 23:00:41] [INFO] 
--- Progress: 40/47 ---
[2025-12-07 23:00:41] [INFO] 📸 Fetching stories for @danitgreenberg (ID: 26452000)
[2025-12-07 23:01:03] [SUCCESS] ✓ Successfully fetched stories for @danitgreenberg
[2025-12-07 23:01:03] [DEBUG] ⏳ Waiting 15.0s before next action...
[2025-12-07 23:01:18] [INFO] 
--- Progress: 41/47 ---
[2025-12-07 23:01:18] [INFO] 📸 Fetching stories for @helenhod (ID: 49305136)
[2025-12-07 23:01:18] [SUCCESS] ✓ Successfully fetched stories for @helenhod
[2025-12-07 23:01:18] [DEBUG] ⏳ Waiting 26.6s before next action...
[2025-12-07 23:01:45] [INFO] 
--- Progress: 42/47 ---
[2025-12-07 23:01:45] [INFO] 📸 Fetching stories for @alina_rabinovich (ID: 177407683)
[2025-12-07 23:01:48] [SUCCESS] ✓ Successfully fetched stories for @alina_rabinovich
[2025-12-07 23:01:48] [INFO] 🏠 Simulating homepage visit...
[2025-12-07 23:01:48] [DEBUG] Homepage visit delay: 9.2s
[2025-12-07 23:01:57] [DEBUG] ⏳ Waiting 26.1s before next action...
[2025-12-07 23:02:23] [INFO] 
--- Progress: 43/47 ---
[2025-12-07 23:02:23] [INFO] 📸 Fetching stories for @kimbenshimon (ID: 3735221006)
[2025-12-07 23:02:29] [SUCCESS] ✓ Successfully fetched stories for @kimbenshimon
[2025-12-07 23:02:29] [DEBUG] ⏳ Waiting 17.3s before next action...
[2025-12-07 23:02:46] [INFO] 
--- Progress: 44/47 ---
[2025-12-07 23:02:46] [INFO] 📸 Fetching stories for @the_adi_angel (ID: 453899185)
[2025-12-07 23:03:06] [SUCCESS] ✓ Successfully fetched stories for @the_adi_angel
[2025-12-07 23:03:06] [DEBUG] ⏳ Waiting 20.9s before next action...
[2025-12-07 23:03:27] [INFO] 
--- Progress: 45/47 ---
[2025-12-07 23:03:27] [INFO] 📸 Fetching stories for @iska_hajeje_karsenti (ID: 687405543)
[2025-12-07 23:03:37] [SUCCESS] ✓ Successfully fetched stories for @iska_hajeje_karsenti
[2025-12-07 23:03:37] [INFO] 🏠 Simulating homepage visit...
[2025-12-07 23:03:37] [DEBUG] Homepage visit delay: 8.8s
[2025-12-07 23:03:46] [DEBUG] ⏳ Waiting 26.9s before next action...
[2025-12-07 23:04:13] [INFO] 
--- Progress: 46/47 ---
[2025-12-07 23:04:13] [INFO] 📸 Fetching stories for @yaelzien (ID: 38567229589)
[2025-12-07 23:04:35] [SUCCESS] ✓ Successfully fetched stories for @yaelzien
[2025-12-07 23:04:35] [DEBUG] ⏳ Waiting 26.8s before next action...
[2025-12-07 23:05:02] [INFO] 
--- Progress: 47/47 ---
[2025-12-07 23:05:02] [INFO] 📸 Fetching stories for @rutimenat_makeup_artist (ID: 1593326936)
[2025-12-07 23:05:04] [SUCCESS] ✓ Successfully fetched stories for @rutimenat_makeup_artist
[2025-12-07 23:05:04] [INFO] 
============================================================
[2025-12-07 23:05:04] [INFO] 📊 AUTOMATION SUMMARY
[2025-12-07 23:05:04] [INFO] ============================================================
[2025-12-07 23:05:04] [INFO] Total processed:    47
[2025-12-07 23:05:04] [INFO] ✓ Successful:       47
[2025-12-07 23:05:04] [INFO] ✗ Failed:           0
[2025-12-07 23:05:04] [INFO] ⊘ Skipped:          2
[2025-12-07 23:05:04] [INFO] 🏠 Homepage visits:  15
[2025-12-07 23:05:04] [INFO] ⏱ Total time:       28.5 minutes
[2025-12-07 23:05:04] [INFO] ============================================================
