[2025-12-28 15:46:58] [INFO] Configuration:
[2025-12-28 15:46:58] [INFO]   JSON file:     .\user_ids_2025-12-07_173039.json
[2025-12-28 15:46:58] [INFO]   Delay range:   5-15 seconds
[2025-12-28 15:46:58] [INFO]   Homepage freq: Every 3 influencers
[2025-12-28 15:46:58] [INFO]   Dry run:       False
[2025-12-28 15:46:58] [INFO]   Log file:      logs/stories_20251228_154658.log
[2025-12-28 15:46:58] [INFO] 
[2025-12-28 15:46:58] [INFO] ============================================================
[2025-12-28 15:46:58] [INFO] 🚀 Starting Daily Stories Automation
[2025-12-28 15:46:58] [INFO] ============================================================
[2025-12-28 15:46:58] [INFO] Loading influencers from: .\user_ids_2025-12-07_173039.json
[2025-12-28 15:46:58] [SUCCESS] Loaded 49 influencers
[2025-12-28 15:46:58] [INFO] Skipping 2 private accounts
[2025-12-28 15:46:58] [INFO] Processing 47 public accounts in random order
[2025-12-28 15:46:58] [INFO] 
--- Progress: 1/47 ---
[2025-12-28 15:46:58] [INFO] 📸 Fetching stories for @hana_malul (ID: 47970650725)
[2025-12-28 15:47:00] [SUCCESS] ✓ Successfully fetched stories for @hana_malul
[2025-12-28 15:47:00] [DEBUG] ⏳ Waiting 6.5s before next action...
[2025-12-28 15:47:07] [INFO] 
--- Progress: 2/47 ---
[2025-12-28 15:47:07] [INFO] 📸 Fetching stories for @shanydaphnegoldstein (ID: 14704550)
[2025-12-28 15:47:21] [SUCCESS] ✓ Successfully fetched stories for @shanydaphnegoldstein
[2025-12-28 15:47:21] [DEBUG] ⏳ Waiting 13.0s before next action...
[2025-12-28 15:47:34] [INFO] 
--- Progress: 3/47 ---
[2025-12-28 15:47:34] [INFO] 📸 Fetching stories for @taliaovadia1 (ID: 487894176)
[2025-12-28 15:47:41] [SUCCESS] ✓ Successfully fetched stories for @taliaovadia1
[2025-12-28 15:47:41] [INFO] 🏠 Simulating homepage visit...
[2025-12-28 15:47:41] [DEBUG] Homepage visit delay: 13.4s
[2025-12-28 15:47:54] [DEBUG] ⏳ Waiting 14.8s before next action...
[2025-12-28 15:48:09] [INFO] 
--- Progress: 4/47 ---
[2025-12-28 15:48:09] [INFO] 📸 Fetching stories for @miri_cohenn_ (ID: 3627680922)
[2025-12-28 15:48:56] [SUCCESS] ✓ Successfully fetched stories for @miri_cohenn_
[2025-12-28 15:48:56] [DEBUG] ⏳ Waiting 8.6s before next action...
[2025-12-28 15:49:04] [INFO] 
--- Progress: 5/47 ---
[2025-12-28 15:49:04] [INFO] 📸 Fetching stories for @ashleywaxmanbakshi (ID: 23062597)
[2025-12-28 15:49:12] [SUCCESS] ✓ Successfully fetched stories for @ashleywaxmanbakshi
[2025-12-28 15:49:12] [DEBUG] ⏳ Waiting 6.3s before next action...
[2025-12-28 15:49:18] [INFO] 
--- Progress: 6/47 ---
[2025-12-28 15:49:18] [INFO] 📸 Fetching stories for @shelyhaimov (ID: 216695190)
[2025-12-28 15:49:56] [SUCCESS] ✓ Successfully fetched stories for @shelyhaimov
[2025-12-28 15:49:56] [INFO] 🏠 Simulating homepage visit...
[2025-12-28 15:49:56] [DEBUG] Homepage visit delay: 13.5s
[2025-12-28 15:50:09] [DEBUG] ⏳ Waiting 10.7s before next action...
[2025-12-28 15:50:20] [INFO] 
--- Progress: 7/47 ---
[2025-12-28 15:50:20] [INFO] 📸 Fetching stories for @estysoco (ID: 54950354)
[2025-12-28 15:51:03] [SUCCESS] ✓ Successfully fetched stories for @estysoco
[2025-12-28 15:51:03] [DEBUG] ⏳ Waiting 8.4s before next action...
[2025-12-28 15:51:12] [INFO] 
--- Progress: 8/47 ---
[2025-12-28 15:51:12] [INFO] 📸 Fetching stories for @tahel___cohen (ID: 776193419)
[2025-12-28 15:51:21] [SUCCESS] ✓ Successfully fetched stories for @tahel___cohen
[2025-12-28 15:51:21] [DEBUG] ⏳ Waiting 13.7s before next action...
[2025-12-28 15:51:35] [INFO] 
--- Progress: 9/47 ---
[2025-12-28 15:51:35] [INFO] 📸 Fetching stories for @chavi_heifetz (ID: 24973107)
[2025-12-28 15:51:52] [SUCCESS] ✓ Successfully fetched stories for @chavi_heifetz
[2025-12-28 15:51:52] [INFO] 🏠 Simulating homepage visit...
[2025-12-28 15:51:52] [DEBUG] Homepage visit delay: 7.0s
[2025-12-28 15:51:59] [DEBUG] ⏳ Waiting 10.2s before next action...
[2025-12-28 15:52:09] [INFO] 
--- Progress: 10/47 ---
[2025-12-28 15:52:09] [INFO] 📸 Fetching stories for @kerenshaham (ID: 17784724)
[2025-12-28 15:52:47] [SUCCESS] ✓ Successfully fetched stories for @kerenshaham
[2025-12-28 15:52:47] [DEBUG] ⏳ Waiting 7.9s before next action...
[2025-12-28 15:52:55] [INFO] 
--- Progress: 11/47 ---
[2025-12-28 15:52:55] [INFO] 📸 Fetching stories for @annezivi (ID: 203661168)
[2025-12-28 15:53:02] [SUCCESS] ✓ Successfully fetched stories for @annezivi
[2025-12-28 15:53:02] [DEBUG] ⏳ Waiting 14.7s before next action...
[2025-12-28 15:53:17] [INFO] 
--- Progress: 12/47 ---
[2025-12-28 15:53:17] [INFO] 📸 Fetching stories for @sarashababo (ID: 4517983087)
[2025-12-28 15:53:26] [SUCCESS] ✓ Successfully fetched stories for @sarashababo
[2025-12-28 15:53:26] [INFO] 🏠 Simulating homepage visit...
[2025-12-28 15:53:26] [DEBUG] Homepage visit delay: 12.7s
[2025-12-28 15:53:39] [DEBUG] ⏳ Waiting 6.0s before next action...
[2025-12-28 15:53:45] [INFO] 
--- Progress: 13/47 ---
[2025-12-28 15:53:45] [INFO] 📸 Fetching stories for @aline_cohenn (ID: 1495919534)
[2025-12-28 15:54:45] [SUCCESS] ✓ Successfully fetched stories for @aline_cohenn
[2025-12-28 15:54:45] [DEBUG] ⏳ Waiting 13.8s before next action...
[2025-12-28 15:54:59] [INFO] 
--- Progress: 14/47 ---
[2025-12-28 15:54:59] [INFO] 📸 Fetching stories for @sara_basan_makeup (ID: 43098904440)
[2025-12-28 15:55:39] [SUCCESS] ✓ Successfully fetched stories for @sara_basan_makeup
[2025-12-28 15:55:39] [DEBUG] ⏳ Waiting 6.8s before next action...
[2025-12-28 15:55:45] [INFO] 
--- Progress: 15/47 ---
[2025-12-28 15:55:45] [INFO] 📸 Fetching stories for @danielamit (ID: 37235253)
[2025-12-28 15:57:22] [SUCCESS] ✓ Successfully fetched stories for @danielamit
[2025-12-28 15:57:22] [INFO] 🏠 Simulating homepage visit...
[2025-12-28 15:57:22] [DEBUG] Homepage visit delay: 6.0s
[2025-12-28 15:57:28] [DEBUG] ⏳ Waiting 9.9s before next action...
[2025-12-28 15:57:38] [INFO] 
--- Progress: 16/47 ---
[2025-12-28 15:57:38] [INFO] 📸 Fetching stories for @ayelet_fogel (ID: 686063632)
[2025-12-28 15:58:25] [SUCCESS] ✓ Successfully fetched stories for @ayelet_fogel
[2025-12-28 15:58:25] [DEBUG] ⏳ Waiting 11.4s before next action...
[2025-12-28 15:58:36] [INFO] 
--- Progress: 17/47 ---
[2025-12-28 15:58:37] [INFO] 📸 Fetching stories for @shilatcohen_social (ID: 39138651195)
[2025-12-28 15:59:25] [SUCCESS] ✓ Successfully fetched stories for @shilatcohen_social
[2025-12-28 15:59:25] [DEBUG] ⏳ Waiting 9.8s before next action...
[2025-12-28 15:59:34] [INFO] 
--- Progress: 18/47 ---
[2025-12-28 15:59:34] [INFO] 📸 Fetching stories for @gal_tzemah_pastel (ID: 687480427)
[2025-12-28 15:59:38] [SUCCESS] ✓ Successfully fetched stories for @gal_tzemah_pastel
[2025-12-28 15:59:38] [INFO] 🏠 Simulating homepage visit...
[2025-12-28 15:59:38] [DEBUG] Homepage visit delay: 11.1s
[2025-12-28 15:59:49] [DEBUG] ⏳ Waiting 9.7s before next action...
[2025-12-28 15:59:59] [INFO] 
--- Progress: 19/47 ---
[2025-12-28 15:59:59] [INFO] 📸 Fetching stories for @edenangelll (ID: 203425926)
[2025-12-28 16:00:06] [SUCCESS] ✓ Successfully fetched stories for @edenangelll
[2025-12-28 16:00:06] [DEBUG] ⏳ Waiting 7.1s before next action...
[2025-12-28 16:00:13] [INFO] 
--- Progress: 20/47 ---
[2025-12-28 16:00:13] [INFO] 📸 Fetching stories for @ruchy_asher (ID: 2917864674)
[2025-12-28 16:00:22] [SUCCESS] ✓ Successfully fetched stories for @ruchy_asher
[2025-12-28 16:00:22] [DEBUG] ⏳ Waiting 13.1s before next action...
[2025-12-28 16:00:36] [INFO] 
--- Progress: 21/47 ---
[2025-12-28 16:00:36] [INFO] 📸 Fetching stories for @yaelzien (ID: 38567229589)
[2025-12-28 16:02:15] [SUCCESS] ✓ Successfully fetched stories for @yaelzien
[2025-12-28 16:02:15] [INFO] 🏠 Simulating homepage visit...
[2025-12-28 16:02:15] [DEBUG] Homepage visit delay: 14.2s
[2025-12-28 16:02:29] [DEBUG] ⏳ Waiting 12.1s before next action...
[2025-12-28 16:02:41] [INFO] 
--- Progress: 22/47 ---
[2025-12-28 16:02:41] [INFO] 📸 Fetching stories for @giti_viner (ID: 5564973011)
[2025-12-28 16:04:41] [ERROR] ✗ Timeout for @giti_viner (exceeded 120s)
[2025-12-28 16:04:41] [DEBUG] ⏳ Waiting 9.3s before next action...
[2025-12-28 16:04:51] [INFO] 
--- Progress: 23/47 ---
[2025-12-28 16:04:51] [INFO] 📸 Fetching stories for @danitgreenberg (ID: 26452000)
[2025-12-28 16:05:23] [SUCCESS] ✓ Successfully fetched stories for @danitgreenberg
[2025-12-28 16:05:23] [DEBUG] ⏳ Waiting 13.1s before next action...
[2025-12-28 16:05:36] [INFO] 
--- Progress: 24/47 ---
[2025-12-28 16:05:36] [INFO] 📸 Fetching stories for @shirabar_miz (ID: 53611755)
[2025-12-28 16:05:52] [SUCCESS] ✓ Successfully fetched stories for @shirabar_miz
[2025-12-28 16:05:52] [INFO] 🏠 Simulating homepage visit...
[2025-12-28 16:05:52] [DEBUG] Homepage visit delay: 11.6s
[2025-12-28 16:06:03] [DEBUG] ⏳ Waiting 14.8s before next action...
[2025-12-28 16:06:18] [INFO] 
--- Progress: 25/47 ---
[2025-12-28 16:06:18] [INFO] 📸 Fetching stories for @chanipollak (ID: 31331095)
[2025-12-28 16:06:45] [SUCCESS] ✓ Successfully fetched stories for @chanipollak
[2025-12-28 16:06:45] [DEBUG] ⏳ Waiting 7.8s before next action...
[2025-12-28 16:06:53] [INFO] 
--- Progress: 26/47 ---
[2025-12-28 16:06:53] [INFO] 📸 Fetching stories for @hodaya_levi_i (ID: 993779541)
[2025-12-28 16:07:13] [SUCCESS] ✓ Successfully fetched stories for @hodaya_levi_i
[2025-12-28 16:07:13] [DEBUG] ⏳ Waiting 10.3s before next action...
[2025-12-28 16:07:23] [INFO] 
--- Progress: 27/47 ---
[2025-12-28 16:07:23] [INFO] 📸 Fetching stories for @shahar__hauon (ID: 205732078)
[2025-12-28 16:07:52] [SUCCESS] ✓ Successfully fetched stories for @shahar__hauon
[2025-12-28 16:07:52] [INFO] 🏠 Simulating homepage visit...
[2025-12-28 16:07:52] [DEBUG] Homepage visit delay: 5.6s
[2025-12-28 16:07:58] [DEBUG] ⏳ Waiting 8.8s before next action...
[2025-12-28 16:08:07] [INFO] 
--- Progress: 28/47 ---
[2025-12-28 16:08:07] [INFO] 📸 Fetching stories for @estybarr (ID: 6175450459)
[2025-12-28 16:09:02] [SUCCESS] ✓ Successfully fetched stories for @estybarr
[2025-12-28 16:09:02] [DEBUG] ⏳ Waiting 8.9s before next action...
[2025-12-28 16:09:11] [INFO] 
--- Progress: 29/47 ---
[2025-12-28 16:09:11] [INFO] 📸 Fetching stories for @danagrotsky (ID: 29131423)
[2025-12-28 16:09:55] [SUCCESS] ✓ Successfully fetched stories for @danagrotsky
[2025-12-28 16:09:55] [DEBUG] ⏳ Waiting 13.6s before next action...
[2025-12-28 16:10:09] [INFO] 
--- Progress: 30/47 ---
[2025-12-28 16:10:09] [INFO] 📸 Fetching stories for @sivanazriel123 (ID: 1936447986)
[2025-12-28 16:11:59] [SUCCESS] ✓ Successfully fetched stories for @sivanazriel123
[2025-12-28 16:11:59] [INFO] 🏠 Simulating homepage visit...
[2025-12-28 16:11:59] [DEBUG] Homepage visit delay: 6.7s
[2025-12-28 16:12:05] [DEBUG] ⏳ Waiting 5.7s before next action...
[2025-12-28 16:12:11] [INFO] 
--- Progress: 31/47 ---
[2025-12-28 16:12:11] [INFO] 📸 Fetching stories for @orit.shoham.raived (ID: 37416744)
[2025-12-28 16:13:04] [SUCCESS] ✓ Successfully fetched stories for @orit.shoham.raived
[2025-12-28 16:13:04] [DEBUG] ⏳ Waiting 12.1s before next action...
[2025-12-28 16:13:16] [INFO] 
--- Progress: 32/47 ---
[2025-12-28 16:13:16] [INFO] 📸 Fetching stories for @shuki_salomon (ID: 2049372608)
[2025-12-28 16:14:21] [SUCCESS] ✓ Successfully fetched stories for @shuki_salomon
[2025-12-28 16:14:21] [DEBUG] ⏳ Waiting 5.1s before next action...
[2025-12-28 16:14:26] [INFO] 
--- Progress: 33/47 ---
[2025-12-28 16:14:26] [INFO] 📸 Fetching stories for @corringideon (ID: 212668164)
[2025-12-28 16:15:31] [SUCCESS] ✓ Successfully fetched stories for @corringideon
[2025-12-28 16:15:31] [INFO] 🏠 Simulating homepage visit...
[2025-12-28 16:15:31] [DEBUG] Homepage visit delay: 14.2s
[2025-12-28 16:15:46] [DEBUG] ⏳ Waiting 5.1s before next action...
[2025-12-28 16:15:51] [INFO] 
--- Progress: 34/47 ---
[2025-12-28 16:15:51] [INFO] 📸 Fetching stories for @kimbenshimon (ID: 3735221006)
[2025-12-28 16:16:20] [SUCCESS] ✓ Successfully fetched stories for @kimbenshimon
[2025-12-28 16:16:20] [DEBUG] ⏳ Waiting 11.1s before next action...
[2025-12-28 16:16:31] [INFO] 
--- Progress: 35/47 ---
[2025-12-28 16:16:31] [INFO] 📸 Fetching stories for @rutimenat_makeup_artist (ID: 1593326936)
[2025-12-28 16:16:55] [SUCCESS] ✓ Successfully fetched stories for @rutimenat_makeup_artist
[2025-12-28 16:16:55] [DEBUG] ⏳ Waiting 14.0s before next action...
[2025-12-28 16:17:09] [INFO] 
--- Progress: 36/47 ---
[2025-12-28 16:17:09] [INFO] 📸 Fetching stories for @chani_vainberger (ID: 1273615238)
[2025-12-28 16:19:10] [ERROR] ✗ Timeout for @chani_vainberger (exceeded 120s)
[2025-12-28 16:19:10] [INFO] 🏠 Simulating homepage visit...
[2025-12-28 16:19:10] [DEBUG] Homepage visit delay: 5.1s
[2025-12-28 16:19:15] [DEBUG] ⏳ Waiting 11.9s before next action...
[2025-12-28 16:19:27] [INFO] 
--- Progress: 37/47 ---
[2025-12-28 16:19:27] [INFO] 📸 Fetching stories for @shellyeven (ID: 27064387)
[2025-12-28 16:19:43] [SUCCESS] ✓ Successfully fetched stories for @shellyeven
[2025-12-28 16:19:43] [DEBUG] ⏳ Waiting 6.0s before next action...
[2025-12-28 16:19:49] [INFO] 
--- Progress: 38/47 ---
[2025-12-28 16:19:49] [INFO] 📸 Fetching stories for @the_adi_angel (ID: 453899185)
[2025-12-28 16:20:31] [SUCCESS] ✓ Successfully fetched stories for @the_adi_angel
[2025-12-28 16:20:31] [DEBUG] ⏳ Waiting 14.0s before next action...
[2025-12-28 16:20:45] [INFO] 
--- Progress: 39/47 ---
[2025-12-28 16:20:45] [INFO] 📸 Fetching stories for @odel_malul148 (ID: 56710284982)
[2025-12-28 16:21:01] [SUCCESS] ✓ Successfully fetched stories for @odel_malul148
[2025-12-28 16:21:01] [INFO] 🏠 Simulating homepage visit...
[2025-12-28 16:21:01] [DEBUG] Homepage visit delay: 7.0s
[2025-12-28 16:21:08] [DEBUG] ⏳ Waiting 5.6s before next action...
[2025-12-28 16:21:13] [INFO] 
--- Progress: 40/47 ---
[2025-12-28 16:21:13] [INFO] 📸 Fetching stories for @alina_rabinovich (ID: 177407683)
[2025-12-28 16:21:37] [SUCCESS] ✓ Successfully fetched stories for @alina_rabinovich
[2025-12-28 16:21:37] [DEBUG] ⏳ Waiting 9.4s before next action...
[2025-12-28 16:21:46] [INFO] 
--- Progress: 41/47 ---
[2025-12-28 16:21:46] [INFO] 📸 Fetching stories for @halperinnana (ID: 367022132)
[2025-12-28 16:22:00] [SUCCESS] ✓ Successfully fetched stories for @halperinnana
[2025-12-28 16:22:00] [DEBUG] ⏳ Waiting 11.5s before next action...
[2025-12-28 16:22:11] [INFO] 
--- Progress: 42/47 ---
[2025-12-28 16:22:11] [INFO] 📸 Fetching stories for @batyaschiff (ID: 289493513)
[2025-12-28 16:22:24] [SUCCESS] ✓ Successfully fetched stories for @batyaschiff
[2025-12-28 16:22:24] [INFO] 🏠 Simulating homepage visit...
[2025-12-28 16:22:24] [DEBUG] Homepage visit delay: 9.2s
[2025-12-28 16:22:34] [DEBUG] ⏳ Waiting 7.0s before next action...
[2025-12-28 16:22:41] [INFO] 
--- Progress: 43/47 ---
[2025-12-28 16:22:41] [INFO] 📸 Fetching stories for @beilly_yampel (ID: 224765196)
[2025-12-28 16:23:06] [SUCCESS] ✓ Successfully fetched stories for @beilly_yampel
[2025-12-28 16:23:06] [DEBUG] ⏳ Waiting 10.2s before next action...
[2025-12-28 16:23:16] [INFO] 
--- Progress: 44/47 ---
[2025-12-28 16:23:16] [INFO] 📸 Fetching stories for @iska_hajeje_karsenti (ID: 687405543)
[2025-12-28 16:24:17] [SUCCESS] ✓ Successfully fetched stories for @iska_hajeje_karsenti
[2025-12-28 16:24:17] [DEBUG] ⏳ Waiting 6.4s before next action...
[2025-12-28 16:24:23] [INFO] 
--- Progress: 45/47 ---
[2025-12-28 16:24:23] [INFO] 📸 Fetching stories for @orli_harar_79 (ID: 7604174133)
[2025-12-28 16:25:33] [SUCCESS] ✓ Successfully fetched stories for @orli_harar_79
[2025-12-28 16:25:33] [INFO] 🏠 Simulating homepage visit...
[2025-12-28 16:25:33] [DEBUG] Homepage visit delay: 11.1s
[2025-12-28 16:25:44] [DEBUG] ⏳ Waiting 12.5s before next action...
[2025-12-28 16:25:57] [INFO] 
--- Progress: 46/47 ---
[2025-12-28 16:25:57] [INFO] 📸 Fetching stories for @einavbooblil_benisti (ID: 292491244)
[2025-12-28 16:26:09] [SUCCESS] ✓ Successfully fetched stories for @einavbooblil_benisti
[2025-12-28 16:26:09] [DEBUG] ⏳ Waiting 11.6s before next action...
[2025-12-28 16:26:21] [INFO] 
--- Progress: 47/47 ---
[2025-12-28 16:26:21] [INFO] 📸 Fetching stories for @helenhod (ID: 49305136)
[2025-12-28 16:26:23] [SUCCESS] ✓ Successfully fetched stories for @helenhod
[2025-12-28 16:26:23] [INFO] 
============================================================
[2025-12-28 16:26:23] [INFO] 📊 AUTOMATION SUMMARY
[2025-12-28 16:26:23] [INFO] ============================================================
[2025-12-28 16:26:23] [INFO] Total processed:    47
[2025-12-28 16:26:23] [INFO] ✓ Successful:       45
[2025-12-28 16:26:23] [INFO] ✗ Failed:           2
[2025-12-28 16:26:23] [INFO] ⊘ Skipped:          2
[2025-12-28 16:26:23] [INFO] 🏠 Homepage visits:  15
[2025-12-28 16:26:23] [INFO] ⏱ Total time:       39.4 minutes
[2025-12-28 16:26:23] [INFO] ============================================================
[2025-12-28 16:26:23] [WARNING] ⚠️  2 influencers failed - check logs for details
