[2025-11-30 16:20:52] [INFO] Configuration:
[2025-11-30 16:20:52] [INFO]   JSON file:     .\user_ids_2025-11-29_192213.json
[2025-11-30 16:20:52] [INFO]   Delay range:   2-5 seconds
[2025-11-30 16:20:52] [INFO]   Homepage freq: Every 3 influencers
[2025-11-30 16:20:52] [INFO]   Dry run:       False
[2025-11-30 16:20:52] [INFO]   Log file:      logs/stories_20251130_162052.log
[2025-11-30 16:20:52] [INFO] 
[2025-11-30 16:20:52] [INFO] ============================================================
[2025-11-30 16:20:52] [INFO] 🚀 Starting Daily Stories Automation
[2025-11-30 16:20:52] [INFO] ============================================================
[2025-11-30 16:20:52] [INFO] Loading influencers from: .\user_ids_2025-11-29_192213.json
[2025-11-30 16:20:52] [SUCCESS] Loaded 49 influencers
[2025-11-30 16:20:52] [INFO] Skipping 1 private accounts
[2025-11-30 16:20:52] [INFO] Processing 48 public accounts in random order
[2025-11-30 16:20:52] [INFO] 
--- Progress: 1/48 ---
[2025-11-30 16:20:52] [INFO] 📸 Fetching stories for @yaelzien (ID: 38567229589)
[2025-11-30 16:22:37] [SUCCESS] ✓ Successfully fetched stories for @yaelzien
[2025-11-30 16:22:37] [DEBUG] ⏳ Waiting 3.6s before next action...
[2025-11-30 16:22:40] [INFO] 
--- Progress: 2/48 ---
[2025-11-30 16:22:40] [INFO] 📸 Fetching stories for @batyaschiff (ID: 289493513)
[2025-11-30 16:22:49] [SUCCESS] ✓ Successfully fetched stories for @batyaschiff
[2025-11-30 16:22:49] [DEBUG] ⏳ Waiting 4.3s before next action...
[2025-11-30 16:22:54] [INFO] 
--- Progress: 3/48 ---
[2025-11-30 16:22:54] [INFO] 📸 Fetching stories for @hana_malul (ID: 47970650725)
[2025-11-30 16:23:46] [SUCCESS] ✓ Successfully fetched stories for @hana_malul
[2025-11-30 16:23:46] [INFO] 🏠 Simulating homepage visit...
[2025-11-30 16:23:46] [DEBUG] Homepage visit delay: 7.9s
[2025-11-30 16:23:54] [DEBUG] ⏳ Waiting 2.2s before next action...
[2025-11-30 16:23:56] [INFO] 
--- Progress: 4/48 ---
[2025-11-30 16:23:56] [INFO] 📸 Fetching stories for @chani_vainberger (ID: 1273615238)
[2025-11-30 16:25:57] [ERROR] ✗ Timeout for @chani_vainberger (exceeded 120s)
[2025-11-30 16:25:57] [DEBUG] ⏳ Waiting 3.1s before next action...
[2025-11-30 16:26:00] [INFO] 
--- Progress: 5/48 ---
[2025-11-30 16:26:00] [INFO] 📸 Fetching stories for @odel_malul148 (ID: 56710284982)
[2025-11-30 16:26:19] [SUCCESS] ✓ Successfully fetched stories for @odel_malul148
[2025-11-30 16:26:19] [DEBUG] ⏳ Waiting 3.8s before next action...
[2025-11-30 16:26:23] [INFO] 
--- Progress: 6/48 ---
[2025-11-30 16:26:23] [INFO] 📸 Fetching stories for @shelyhaimov (ID: 216695190)
[2025-11-30 16:26:53] [SUCCESS] ✓ Successfully fetched stories for @shelyhaimov
[2025-11-30 16:26:53] [INFO] 🏠 Simulating homepage visit...
[2025-11-30 16:26:53] [DEBUG] Homepage visit delay: 12.4s
[2025-11-30 16:27:06] [DEBUG] ⏳ Waiting 2.9s before next action...
[2025-11-30 16:27:09] [INFO] 
--- Progress: 7/48 ---
[2025-11-30 16:27:09] [INFO] 📸 Fetching stories for @shanydaphnegoldstein (ID: 14704550)
[2025-11-30 16:27:31] [SUCCESS] ✓ Successfully fetched stories for @shanydaphnegoldstein
[2025-11-30 16:27:31] [DEBUG] ⏳ Waiting 2.4s before next action...
[2025-11-30 16:27:33] [INFO] 
--- Progress: 8/48 ---
[2025-11-30 16:27:33] [INFO] 📸 Fetching stories for @einavbooblil_benisti (ID: 292491244)
[2025-11-30 16:28:41] [SUCCESS] ✓ Successfully fetched stories for @einavbooblil_benisti
[2025-11-30 16:28:41] [DEBUG] ⏳ Waiting 2.4s before next action...
[2025-11-30 16:28:43] [INFO] 
--- Progress: 9/48 ---
[2025-11-30 16:28:43] [INFO] 📸 Fetching stories for @shirabar_miz (ID: 53611755)
[2025-11-30 16:28:47] [SUCCESS] ✓ Successfully fetched stories for @shirabar_miz
[2025-11-30 16:28:47] [INFO] 🏠 Simulating homepage visit...
[2025-11-30 16:28:47] [DEBUG] Homepage visit delay: 7.4s
[2025-11-30 16:28:54] [DEBUG] ⏳ Waiting 3.0s before next action...
[2025-11-30 16:28:57] [INFO] 
--- Progress: 10/48 ---
[2025-11-30 16:28:57] [INFO] 📸 Fetching stories for @sara_basan_makeup (ID: 43098904440)
[2025-11-30 16:30:31] [SUCCESS] ✓ Successfully fetched stories for @sara_basan_makeup
[2025-11-30 16:30:31] [DEBUG] ⏳ Waiting 3.0s before next action...
[2025-11-30 16:30:34] [INFO] 
--- Progress: 11/48 ---
[2025-11-30 16:30:34] [INFO] 📸 Fetching stories for @beilly_yampel (ID: 224765196)
[2025-11-30 16:31:16] [SUCCESS] ✓ Successfully fetched stories for @beilly_yampel
[2025-11-30 16:31:16] [DEBUG] ⏳ Waiting 2.1s before next action...
[2025-11-30 16:31:18] [INFO] 
--- Progress: 12/48 ---
[2025-11-30 16:31:18] [INFO] 📸 Fetching stories for @iska_hajeje_karsenti (ID: 687405543)
[2025-11-30 16:31:57] [SUCCESS] ✓ Successfully fetched stories for @iska_hajeje_karsenti
[2025-11-30 16:31:57] [INFO] 🏠 Simulating homepage visit...
[2025-11-30 16:31:57] [DEBUG] Homepage visit delay: 7.9s
[2025-11-30 16:32:04] [DEBUG] ⏳ Waiting 2.7s before next action...
[2025-11-30 16:32:07] [INFO] 
--- Progress: 13/48 ---
[2025-11-30 16:32:07] [INFO] 📸 Fetching stories for @shellyeven (ID: 27064387)
[2025-11-30 16:32:57] [SUCCESS] ✓ Successfully fetched stories for @shellyeven
[2025-11-30 16:32:57] [DEBUG] ⏳ Waiting 3.2s before next action...
[2025-11-30 16:33:00] [INFO] 
--- Progress: 14/48 ---
[2025-11-30 16:33:00] [INFO] 📸 Fetching stories for @kerenshaham (ID: 17784724)
[2025-11-30 16:33:15] [SUCCESS] ✓ Successfully fetched stories for @kerenshaham
[2025-11-30 16:33:15] [DEBUG] ⏳ Waiting 2.6s before next action...
[2025-11-30 16:33:18] [INFO] 
--- Progress: 15/48 ---
[2025-11-30 16:33:18] [INFO] 📸 Fetching stories for @helenhod (ID: 49305136)
[2025-11-30 16:33:24] [SUCCESS] ✓ Successfully fetched stories for @helenhod
[2025-11-30 16:33:24] [INFO] 🏠 Simulating homepage visit...
[2025-11-30 16:33:24] [DEBUG] Homepage visit delay: 13.8s
[2025-11-30 16:33:38] [DEBUG] ⏳ Waiting 4.2s before next action...
[2025-11-30 16:33:42] [INFO] 
--- Progress: 16/48 ---
[2025-11-30 16:33:42] [INFO] 📸 Fetching stories for @or_shpitz (ID: 193448389)
[2025-11-30 16:34:20] [SUCCESS] ✓ Successfully fetched stories for @or_shpitz
[2025-11-30 16:34:20] [DEBUG] ⏳ Waiting 4.6s before next action...
[2025-11-30 16:34:25] [INFO] 
--- Progress: 17/48 ---
[2025-11-30 16:34:25] [INFO] 📸 Fetching stories for @kimbenshimon (ID: 3735221006)
[2025-11-30 16:34:39] [SUCCESS] ✓ Successfully fetched stories for @kimbenshimon
[2025-11-30 16:34:39] [DEBUG] ⏳ Waiting 4.8s before next action...
[2025-11-30 16:34:44] [INFO] 
--- Progress: 18/48 ---
[2025-11-30 16:34:44] [INFO] 📸 Fetching stories for @orit.shoham.raived (ID: 37416744)
[2025-11-30 16:36:24] [SUCCESS] ✓ Successfully fetched stories for @orit.shoham.raived
[2025-11-30 16:36:24] [INFO] 🏠 Simulating homepage visit...
[2025-11-30 16:36:24] [DEBUG] Homepage visit delay: 13.6s
[2025-11-30 16:36:37] [DEBUG] ⏳ Waiting 2.7s before next action...
[2025-11-30 16:36:40] [INFO] 
--- Progress: 19/48 ---
[2025-11-30 16:36:40] [INFO] 📸 Fetching stories for @annezivi (ID: 203661168)
[2025-11-30 16:37:07] [SUCCESS] ✓ Successfully fetched stories for @annezivi
[2025-11-30 16:37:07] [DEBUG] ⏳ Waiting 3.3s before next action...
[2025-11-30 16:37:10] [INFO] 
--- Progress: 20/48 ---
[2025-11-30 16:37:10] [INFO] 📸 Fetching stories for @chavi_heifetz (ID: 24973107)
[2025-11-30 16:38:04] [SUCCESS] ✓ Successfully fetched stories for @chavi_heifetz
[2025-11-30 16:38:04] [DEBUG] ⏳ Waiting 3.2s before next action...
[2025-11-30 16:38:07] [INFO] 
--- Progress: 21/48 ---
[2025-11-30 16:38:07] [INFO] 📸 Fetching stories for @sivanazriel123 (ID: 1936447986)
[2025-11-30 16:40:04] [SUCCESS] ✓ Successfully fetched stories for @sivanazriel123
[2025-11-30 16:40:04] [INFO] 🏠 Simulating homepage visit...
[2025-11-30 16:40:04] [DEBUG] Homepage visit delay: 5.7s
[2025-11-30 16:40:09] [DEBUG] ⏳ Waiting 2.9s before next action...
[2025-11-30 16:40:12] [INFO] 
--- Progress: 22/48 ---
[2025-11-30 16:40:12] [INFO] 📸 Fetching stories for @shuki_salomon (ID: 2049372608)
[2025-11-30 16:41:01] [SUCCESS] ✓ Successfully fetched stories for @shuki_salomon
[2025-11-30 16:41:01] [DEBUG] ⏳ Waiting 2.1s before next action...
[2025-11-30 16:41:03] [INFO] 
--- Progress: 23/48 ---
[2025-11-30 16:41:03] [INFO] 📸 Fetching stories for @estybarr (ID: 6175450459)
[2025-11-30 16:41:58] [SUCCESS] ✓ Successfully fetched stories for @estybarr
[2025-11-30 16:41:58] [DEBUG] ⏳ Waiting 2.1s before next action...
[2025-11-30 16:42:00] [INFO] 
--- Progress: 24/48 ---
[2025-11-30 16:42:00] [INFO] 📸 Fetching stories for @chanipollak (ID: 31331095)
[2025-11-30 16:42:10] [SUCCESS] ✓ Successfully fetched stories for @chanipollak
[2025-11-30 16:42:10] [INFO] 🏠 Simulating homepage visit...
[2025-11-30 16:42:10] [DEBUG] Homepage visit delay: 6.2s
[2025-11-30 16:42:17] [DEBUG] ⏳ Waiting 3.4s before next action...
[2025-11-30 16:42:20] [INFO] 
--- Progress: 25/48 ---
[2025-11-30 16:42:20] [INFO] 📸 Fetching stories for @danitgreenberg (ID: 26452000)
[2025-11-30 16:43:41] [SUCCESS] ✓ Successfully fetched stories for @danitgreenberg
[2025-11-30 16:43:41] [DEBUG] ⏳ Waiting 3.7s before next action...
[2025-11-30 16:43:45] [INFO] 
--- Progress: 26/48 ---
[2025-11-30 16:43:45] [INFO] 📸 Fetching stories for @estysoco (ID: 54950354)
[2025-11-30 16:44:37] [SUCCESS] ✓ Successfully fetched stories for @estysoco
[2025-11-30 16:44:37] [DEBUG] ⏳ Waiting 3.8s before next action...
[2025-11-30 16:44:40] [INFO] 
--- Progress: 27/48 ---
[2025-11-30 16:44:40] [INFO] 📸 Fetching stories for @shahar__hauon (ID: 205732078)
[2025-11-30 16:44:49] [SUCCESS] ✓ Successfully fetched stories for @shahar__hauon
[2025-11-30 16:44:49] [INFO] 🏠 Simulating homepage visit...
[2025-11-30 16:44:49] [DEBUG] Homepage visit delay: 9.1s
[2025-11-30 16:44:58] [DEBUG] ⏳ Waiting 3.0s before next action...
[2025-11-30 16:45:01] [INFO] 
--- Progress: 28/48 ---
[2025-11-30 16:45:01] [INFO] 📸 Fetching stories for @giti_viner (ID: 5564973011)
[2025-11-30 16:47:01] [ERROR] ✗ Timeout for @giti_viner (exceeded 120s)
[2025-11-30 16:47:01] [DEBUG] ⏳ Waiting 4.3s before next action...
[2025-11-30 16:47:05] [INFO] 
--- Progress: 29/48 ---
[2025-11-30 16:47:05] [INFO] 📸 Fetching stories for @edenangelll (ID: 203425926)
[2025-11-30 16:47:12] [SUCCESS] ✓ Successfully fetched stories for @edenangelll
[2025-11-30 16:47:12] [DEBUG] ⏳ Waiting 2.9s before next action...
[2025-11-30 16:47:15] [INFO] 
--- Progress: 30/48 ---
[2025-11-30 16:47:15] [INFO] 📸 Fetching stories for @tahel___cohen (ID: 776193419)
[2025-11-30 16:47:28] [SUCCESS] ✓ Successfully fetched stories for @tahel___cohen
[2025-11-30 16:47:28] [INFO] 🏠 Simulating homepage visit...
[2025-11-30 16:47:28] [DEBUG] Homepage visit delay: 13.7s
[2025-11-30 16:47:42] [DEBUG] ⏳ Waiting 3.2s before next action...
[2025-11-30 16:47:45] [INFO] 
--- Progress: 31/48 ---
[2025-11-30 16:47:45] [INFO] 📸 Fetching stories for @alina_rabinovich (ID: 177407683)
[2025-11-30 16:48:11] [SUCCESS] ✓ Successfully fetched stories for @alina_rabinovich
[2025-11-30 16:48:11] [DEBUG] ⏳ Waiting 3.2s before next action...
[2025-11-30 16:48:14] [INFO] 
--- Progress: 32/48 ---
[2025-11-30 16:48:14] [INFO] 📸 Fetching stories for @shilatcohen_social (ID: 39138651195)
[2025-11-30 16:49:06] [SUCCESS] ✓ Successfully fetched stories for @shilatcohen_social
[2025-11-30 16:49:06] [DEBUG] ⏳ Waiting 4.8s before next action...
[2025-11-30 16:49:11] [INFO] 
--- Progress: 33/48 ---
[2025-11-30 16:49:11] [INFO] 📸 Fetching stories for @orli_harar_79 (ID: 7604174133)
[2025-11-30 16:50:26] [SUCCESS] ✓ Successfully fetched stories for @orli_harar_79
[2025-11-30 16:50:26] [INFO] 🏠 Simulating homepage visit...
[2025-11-30 16:50:26] [DEBUG] Homepage visit delay: 12.4s
[2025-11-30 16:50:38] [DEBUG] ⏳ Waiting 2.4s before next action...
[2025-11-30 16:50:40] [INFO] 
--- Progress: 34/48 ---
[2025-11-30 16:50:40] [INFO] 📸 Fetching stories for @sarashababo (ID: 4517983087)
[2025-11-30 16:50:51] [SUCCESS] ✓ Successfully fetched stories for @sarashababo
[2025-11-30 16:50:51] [DEBUG] ⏳ Waiting 4.9s before next action...
[2025-11-30 16:50:56] [INFO] 
--- Progress: 35/48 ---
[2025-11-30 16:50:56] [INFO] 📸 Fetching stories for @rutimenat_makeup_artist (ID: 1593326936)
[2025-11-30 16:51:31] [SUCCESS] ✓ Successfully fetched stories for @rutimenat_makeup_artist
[2025-11-30 16:51:31] [DEBUG] ⏳ Waiting 2.6s before next action...
[2025-11-30 16:51:33] [INFO] 
--- Progress: 36/48 ---
[2025-11-30 16:51:33] [INFO] 📸 Fetching stories for @aline_cohenn (ID: 1495919534)
[2025-11-30 16:51:49] [SUCCESS] ✓ Successfully fetched stories for @aline_cohenn
[2025-11-30 16:51:49] [INFO] 🏠 Simulating homepage visit...
[2025-11-30 16:51:49] [DEBUG] Homepage visit delay: 8.5s
[2025-11-30 16:51:57] [DEBUG] ⏳ Waiting 3.0s before next action...
[2025-11-30 16:52:00] [INFO] 
--- Progress: 37/48 ---
[2025-11-30 16:52:00] [INFO] 📸 Fetching stories for @danielamit (ID: 37235253)
[2025-11-30 16:52:45] [SUCCESS] ✓ Successfully fetched stories for @danielamit
[2025-11-30 16:52:45] [DEBUG] ⏳ Waiting 4.0s before next action...
[2025-11-30 16:52:49] [INFO] 
--- Progress: 38/48 ---
[2025-11-30 16:52:49] [INFO] 📸 Fetching stories for @corringideon (ID: 212668164)
[2025-11-30 16:53:25] [SUCCESS] ✓ Successfully fetched stories for @corringideon
[2025-11-30 16:53:25] [DEBUG] ⏳ Waiting 4.6s before next action...
[2025-11-30 16:53:30] [INFO] 
--- Progress: 39/48 ---
[2025-11-30 16:53:30] [INFO] 📸 Fetching stories for @miri_cohenn_ (ID: 3627680922)
[2025-11-30 16:54:01] [SUCCESS] ✓ Successfully fetched stories for @miri_cohenn_
[2025-11-30 16:54:01] [INFO] 🏠 Simulating homepage visit...
[2025-11-30 16:54:01] [DEBUG] Homepage visit delay: 12.9s
[2025-11-30 16:54:14] [DEBUG] ⏳ Waiting 2.4s before next action...
[2025-11-30 16:54:17] [INFO] 
--- Progress: 40/48 ---
[2025-11-30 16:54:17] [INFO] 📸 Fetching stories for @ayelet_fogel (ID: 686063632)
[2025-11-30 16:54:31] [SUCCESS] ✓ Successfully fetched stories for @ayelet_fogel
[2025-11-30 16:54:31] [DEBUG] ⏳ Waiting 3.2s before next action...
[2025-11-30 16:54:34] [INFO] 
--- Progress: 41/48 ---
[2025-11-30 16:54:34] [INFO] 📸 Fetching stories for @hodaya_levi_i (ID: 993779541)
[2025-11-30 16:54:51] [SUCCESS] ✓ Successfully fetched stories for @hodaya_levi_i
[2025-11-30 16:54:51] [DEBUG] ⏳ Waiting 5.0s before next action...
[2025-11-30 16:54:56] [INFO] 
--- Progress: 42/48 ---
[2025-11-30 16:54:56] [INFO] 📸 Fetching stories for @halperinnana (ID: 367022132)
[2025-11-30 16:55:09] [SUCCESS] ✓ Successfully fetched stories for @halperinnana
[2025-11-30 16:55:09] [INFO] 🏠 Simulating homepage visit...
[2025-11-30 16:55:09] [DEBUG] Homepage visit delay: 6.1s
[2025-11-30 16:55:16] [DEBUG] ⏳ Waiting 5.0s before next action...
[2025-11-30 16:55:20] [INFO] 
--- Progress: 43/48 ---
[2025-11-30 16:55:20] [INFO] 📸 Fetching stories for @gal_tzemah_pastel (ID: 687480427)
[2025-11-30 16:55:24] [SUCCESS] ✓ Successfully fetched stories for @gal_tzemah_pastel
[2025-11-30 16:55:24] [DEBUG] ⏳ Waiting 3.6s before next action...
[2025-11-30 16:55:28] [INFO] 
--- Progress: 44/48 ---
[2025-11-30 16:55:28] [INFO] 📸 Fetching stories for @the_adi_angel (ID: 453899185)
[2025-11-30 16:56:03] [SUCCESS] ✓ Successfully fetched stories for @the_adi_angel
[2025-11-30 16:56:03] [DEBUG] ⏳ Waiting 2.4s before next action...
[2025-11-30 16:56:05] [INFO] 
--- Progress: 45/48 ---
[2025-11-30 16:56:05] [INFO] 📸 Fetching stories for @ruchy_asher (ID: 2917864674)
[2025-11-30 16:56:06] [SUCCESS] ✓ Successfully fetched stories for @ruchy_asher
[2025-11-30 16:56:06] [INFO] 🏠 Simulating homepage visit...
[2025-11-30 16:56:06] [DEBUG] Homepage visit delay: 13.9s
[2025-11-30 16:56:20] [DEBUG] ⏳ Waiting 2.5s before next action...
[2025-11-30 16:56:23] [INFO] 
--- Progress: 46/48 ---
[2025-11-30 16:56:23] [INFO] 📸 Fetching stories for @taliaovadia1 (ID: 487894176)
[2025-11-30 16:56:40] [SUCCESS] ✓ Successfully fetched stories for @taliaovadia1
[2025-11-30 16:56:40] [DEBUG] ⏳ Waiting 4.3s before next action...
[2025-11-30 16:56:44] [INFO] 
--- Progress: 47/48 ---
[2025-11-30 16:56:44] [INFO] 📸 Fetching stories for @danagrotsky (ID: 29131423)
[2025-11-30 16:57:12] [SUCCESS] ✓ Successfully fetched stories for @danagrotsky
[2025-11-30 16:57:12] [DEBUG] ⏳ Waiting 2.0s before next action...
[2025-11-30 16:57:14] [INFO] 
--- Progress: 48/48 ---
[2025-11-30 16:57:14] [INFO] 📸 Fetching stories for @ashleywaxmanbakshi (ID: 23062597)
[2025-11-30 16:57:29] [SUCCESS] ✓ Successfully fetched stories for @ashleywaxmanbakshi
[2025-11-30 16:57:29] [INFO] 
============================================================
[2025-11-30 16:57:29] [INFO] 📊 AUTOMATION SUMMARY
[2025-11-30 16:57:29] [INFO] ============================================================
[2025-11-30 16:57:29] [INFO] Total processed:    48
[2025-11-30 16:57:29] [INFO] ✓ Successful:       46
[2025-11-30 16:57:29] [INFO] ✗ Failed:           2
[2025-11-30 16:57:29] [INFO] ⊘ Skipped:          1
[2025-11-30 16:57:29] [INFO] 🏠 Homepage visits:  15
[2025-11-30 16:57:29] [INFO] ⏱ Total time:       36.6 minutes
[2025-11-30 16:57:29] [INFO] ============================================================
[2025-11-30 16:57:29] [WARNING] ⚠️  2 influencers failed - check logs for details
