[2025-12-17 23:32:19] [INFO] Configuration:
[2025-12-17 23:32:19] [INFO]   JSON file:     .\user_ids_2025-12-07_173039.json
[2025-12-17 23:32:19] [INFO]   Delay range:   5-15 seconds
[2025-12-17 23:32:19] [INFO]   Homepage freq: Every 3 influencers
[2025-12-17 23:32:19] [INFO]   Dry run:       False
[2025-12-17 23:32:19] [INFO]   Log file:      logs/stories_20251217_233219.log
[2025-12-17 23:32:19] [INFO] 
[2025-12-17 23:32:19] [INFO] ============================================================
[2025-12-17 23:32:19] [INFO] 🚀 Starting Daily Stories Automation
[2025-12-17 23:32:19] [INFO] ============================================================
[2025-12-17 23:32:19] [INFO] Loading influencers from: .\user_ids_2025-12-07_173039.json
[2025-12-17 23:32:19] [SUCCESS] Loaded 49 influencers
[2025-12-17 23:32:19] [INFO] Skipping 2 private accounts
[2025-12-17 23:32:19] [INFO] Processing 47 public accounts in random order
[2025-12-17 23:32:19] [INFO] 
--- Progress: 1/47 ---
[2025-12-17 23:32:19] [INFO] 📸 Fetching stories for @orli_harar_79 (ID: 7604174133)
[2025-12-17 23:32:40] [SUCCESS] ✓ Successfully fetched stories for @orli_harar_79
[2025-12-17 23:32:40] [DEBUG] ⏳ Waiting 9.2s before next action...
[2025-12-17 23:32:49] [INFO] 
--- Progress: 2/47 ---
[2025-12-17 23:32:49] [INFO] 📸 Fetching stories for @shellyeven (ID: 27064387)
[2025-12-17 23:34:00] [SUCCESS] ✓ Successfully fetched stories for @shellyeven
[2025-12-17 23:34:00] [DEBUG] ⏳ Waiting 14.9s before next action...
[2025-12-17 23:34:15] [INFO] 
--- Progress: 3/47 ---
[2025-12-17 23:34:15] [INFO] 📸 Fetching stories for @shuki_salomon (ID: 2049372608)
[2025-12-17 23:35:27] [SUCCESS] ✓ Successfully fetched stories for @shuki_salomon
[2025-12-17 23:35:27] [INFO] 🏠 Simulating homepage visit...
[2025-12-17 23:35:27] [DEBUG] Homepage visit delay: 7.1s
[2025-12-17 23:35:34] [DEBUG] ⏳ Waiting 12.5s before next action...
[2025-12-17 23:35:47] [INFO] 
--- Progress: 4/47 ---
[2025-12-17 23:35:47] [INFO] 📸 Fetching stories for @sara_basan_makeup (ID: 43098904440)
[2025-12-17 23:37:07] [SUCCESS] ✓ Successfully fetched stories for @sara_basan_makeup
[2025-12-17 23:37:07] [DEBUG] ⏳ Waiting 13.9s before next action...
[2025-12-17 23:37:21] [INFO] 
--- Progress: 5/47 ---
[2025-12-17 23:37:21] [INFO] 📸 Fetching stories for @danitgreenberg (ID: 26452000)
[2025-12-17 23:38:39] [SUCCESS] ✓ Successfully fetched stories for @danitgreenberg
[2025-12-17 23:38:39] [DEBUG] ⏳ Waiting 13.6s before next action...
[2025-12-17 23:38:53] [INFO] 
--- Progress: 6/47 ---
[2025-12-17 23:38:53] [INFO] 📸 Fetching stories for @annezivi (ID: 203661168)
[2025-12-17 23:38:56] [SUCCESS] ✓ Successfully fetched stories for @annezivi
[2025-12-17 23:38:56] [INFO] 🏠 Simulating homepage visit...
[2025-12-17 23:38:56] [DEBUG] Homepage visit delay: 6.1s
[2025-12-17 23:39:02] [DEBUG] ⏳ Waiting 12.6s before next action...
[2025-12-17 23:39:15] [INFO] 
--- Progress: 7/47 ---
[2025-12-17 23:39:15] [INFO] 📸 Fetching stories for @aline_cohenn (ID: 1495919534)
[2025-12-17 23:39:24] [SUCCESS] ✓ Successfully fetched stories for @aline_cohenn
[2025-12-17 23:39:24] [DEBUG] ⏳ Waiting 11.5s before next action...
[2025-12-17 23:39:36] [INFO] 
--- Progress: 8/47 ---
[2025-12-17 23:39:36] [INFO] 📸 Fetching stories for @edenangelll (ID: 203425926)
[2025-12-17 23:39:45] [SUCCESS] ✓ Successfully fetched stories for @edenangelll
[2025-12-17 23:39:45] [DEBUG] ⏳ Waiting 9.8s before next action...
[2025-12-17 23:39:55] [INFO] 
--- Progress: 9/47 ---
[2025-12-17 23:39:55] [INFO] 📸 Fetching stories for @sarashababo (ID: 4517983087)
[2025-12-17 23:40:07] [SUCCESS] ✓ Successfully fetched stories for @sarashababo
[2025-12-17 23:40:07] [INFO] 🏠 Simulating homepage visit...
[2025-12-17 23:40:07] [DEBUG] Homepage visit delay: 5.4s
[2025-12-17 23:40:13] [DEBUG] ⏳ Waiting 6.3s before next action...
[2025-12-17 23:40:19] [INFO] 
--- Progress: 10/47 ---
[2025-12-17 23:40:19] [INFO] 📸 Fetching stories for @chavi_heifetz (ID: 24973107)
[2025-12-17 23:41:46] [SUCCESS] ✓ Successfully fetched stories for @chavi_heifetz
[2025-12-17 23:41:46] [DEBUG] ⏳ Waiting 5.9s before next action...
[2025-12-17 23:41:52] [INFO] 
--- Progress: 11/47 ---
[2025-12-17 23:41:52] [INFO] 📸 Fetching stories for @chanipollak (ID: 31331095)
[2025-12-17 23:41:59] [SUCCESS] ✓ Successfully fetched stories for @chanipollak
[2025-12-17 23:41:59] [DEBUG] ⏳ Waiting 13.1s before next action...
[2025-12-17 23:42:12] [INFO] 
--- Progress: 12/47 ---
[2025-12-17 23:42:12] [INFO] 📸 Fetching stories for @shirabar_miz (ID: 53611755)
[2025-12-17 23:42:17] [SUCCESS] ✓ Successfully fetched stories for @shirabar_miz
[2025-12-17 23:42:17] [INFO] 🏠 Simulating homepage visit...
[2025-12-17 23:42:17] [DEBUG] Homepage visit delay: 13.7s
[2025-12-17 23:42:31] [DEBUG] ⏳ Waiting 10.0s before next action...
[2025-12-17 23:42:41] [INFO] 
--- Progress: 13/47 ---
[2025-12-17 23:42:41] [INFO] 📸 Fetching stories for @gal_tzemah_pastel (ID: 687480427)
[2025-12-17 23:42:47] [SUCCESS] ✓ Successfully fetched stories for @gal_tzemah_pastel
[2025-12-17 23:42:47] [DEBUG] ⏳ Waiting 12.9s before next action...
[2025-12-17 23:43:00] [INFO] 
--- Progress: 14/47 ---
[2025-12-17 23:43:00] [INFO] 📸 Fetching stories for @shelyhaimov (ID: 216695190)
[2025-12-17 23:43:18] [SUCCESS] ✓ Successfully fetched stories for @shelyhaimov
[2025-12-17 23:43:18] [DEBUG] ⏳ Waiting 5.1s before next action...
[2025-12-17 23:43:23] [INFO] 
--- Progress: 15/47 ---
[2025-12-17 23:43:23] [INFO] 📸 Fetching stories for @kimbenshimon (ID: 3735221006)
[2025-12-17 23:43:32] [SUCCESS] ✓ Successfully fetched stories for @kimbenshimon
[2025-12-17 23:43:32] [INFO] 🏠 Simulating homepage visit...
[2025-12-17 23:43:32] [DEBUG] Homepage visit delay: 8.8s
[2025-12-17 23:43:41] [DEBUG] ⏳ Waiting 12.1s before next action...
[2025-12-17 23:43:53] [INFO] 
--- Progress: 16/47 ---
[2025-12-17 23:43:53] [INFO] 📸 Fetching stories for @miri_cohenn_ (ID: 3627680922)
[2025-12-17 23:44:11] [SUCCESS] ✓ Successfully fetched stories for @miri_cohenn_
[2025-12-17 23:44:11] [DEBUG] ⏳ Waiting 13.2s before next action...
[2025-12-17 23:44:24] [INFO] 
--- Progress: 17/47 ---
[2025-12-17 23:44:24] [INFO] 📸 Fetching stories for @danagrotsky (ID: 29131423)
[2025-12-17 23:44:44] [SUCCESS] ✓ Successfully fetched stories for @danagrotsky
[2025-12-17 23:44:44] [DEBUG] ⏳ Waiting 10.5s before next action...
[2025-12-17 23:44:55] [INFO] 
--- Progress: 18/47 ---
[2025-12-17 23:44:55] [INFO] 📸 Fetching stories for @orit.shoham.raived (ID: 37416744)
[2025-12-17 23:45:04] [SUCCESS] ✓ Successfully fetched stories for @orit.shoham.raived
[2025-12-17 23:45:04] [INFO] 🏠 Simulating homepage visit...
[2025-12-17 23:45:04] [DEBUG] Homepage visit delay: 8.7s
[2025-12-17 23:45:13] [DEBUG] ⏳ Waiting 14.9s before next action...
[2025-12-17 23:45:28] [INFO] 
--- Progress: 19/47 ---
[2025-12-17 23:45:28] [INFO] 📸 Fetching stories for @corringideon (ID: 212668164)
[2025-12-17 23:45:46] [SUCCESS] ✓ Successfully fetched stories for @corringideon
[2025-12-17 23:45:46] [DEBUG] ⏳ Waiting 6.0s before next action...
[2025-12-17 23:45:52] [INFO] 
--- Progress: 20/47 ---
[2025-12-17 23:45:52] [INFO] 📸 Fetching stories for @estybarr (ID: 6175450459)
[2025-12-17 23:46:07] [SUCCESS] ✓ Successfully fetched stories for @estybarr
[2025-12-17 23:46:07] [DEBUG] ⏳ Waiting 7.6s before next action...
[2025-12-17 23:46:15] [INFO] 
--- Progress: 21/47 ---
[2025-12-17 23:46:15] [INFO] 📸 Fetching stories for @estysoco (ID: 54950354)
[2025-12-17 23:46:29] [SUCCESS] ✓ Successfully fetched stories for @estysoco
[2025-12-17 23:46:29] [INFO] 🏠 Simulating homepage visit...
[2025-12-17 23:46:29] [DEBUG] Homepage visit delay: 8.5s
[2025-12-17 23:46:38] [DEBUG] ⏳ Waiting 10.4s before next action...
[2025-12-17 23:46:48] [INFO] 
--- Progress: 22/47 ---
[2025-12-17 23:46:48] [INFO] 📸 Fetching stories for @batyaschiff (ID: 289493513)
[2025-12-17 23:46:52] [SUCCESS] ✓ Successfully fetched stories for @batyaschiff
[2025-12-17 23:46:52] [DEBUG] ⏳ Waiting 13.7s before next action...
[2025-12-17 23:47:06] [INFO] 
--- Progress: 23/47 ---
[2025-12-17 23:47:06] [INFO] 📸 Fetching stories for @ayelet_fogel (ID: 686063632)
[2025-12-17 23:47:24] [SUCCESS] ✓ Successfully fetched stories for @ayelet_fogel
[2025-12-17 23:47:24] [DEBUG] ⏳ Waiting 15.0s before next action...
[2025-12-17 23:47:39] [INFO] 
--- Progress: 24/47 ---
[2025-12-17 23:47:39] [INFO] 📸 Fetching stories for @helenhod (ID: 49305136)
[2025-12-17 23:47:39] [SUCCESS] ✓ Successfully fetched stories for @helenhod
[2025-12-17 23:47:39] [INFO] 🏠 Simulating homepage visit...
[2025-12-17 23:47:39] [DEBUG] Homepage visit delay: 12.1s
[2025-12-17 23:47:51] [DEBUG] ⏳ Waiting 11.3s before next action...
[2025-12-17 23:48:03] [INFO] 
--- Progress: 25/47 ---
[2025-12-17 23:48:03] [INFO] 📸 Fetching stories for @hodaya_levi_i (ID: 993779541)
[2025-12-17 23:48:14] [SUCCESS] ✓ Successfully fetched stories for @hodaya_levi_i
[2025-12-17 23:48:14] [DEBUG] ⏳ Waiting 11.5s before next action...
[2025-12-17 23:48:25] [INFO] 
--- Progress: 26/47 ---
[2025-12-17 23:48:25] [INFO] 📸 Fetching stories for @kerenshaham (ID: 17784724)
[2025-12-17 23:49:30] [SUCCESS] ✓ Successfully fetched stories for @kerenshaham
[2025-12-17 23:49:30] [DEBUG] ⏳ Waiting 8.9s before next action...
[2025-12-17 23:49:39] [INFO] 
--- Progress: 27/47 ---
[2025-12-17 23:49:39] [INFO] 📸 Fetching stories for @beilly_yampel (ID: 224765196)
[2025-12-17 23:50:06] [SUCCESS] ✓ Successfully fetched stories for @beilly_yampel
[2025-12-17 23:50:06] [INFO] 🏠 Simulating homepage visit...
[2025-12-17 23:50:06] [DEBUG] Homepage visit delay: 10.8s
[2025-12-17 23:50:17] [DEBUG] ⏳ Waiting 10.9s before next action...
[2025-12-17 23:50:28] [INFO] 
--- Progress: 28/47 ---
[2025-12-17 23:50:28] [INFO] 📸 Fetching stories for @shilatcohen_social (ID: 39138651195)
[2025-12-17 23:50:42] [SUCCESS] ✓ Successfully fetched stories for @shilatcohen_social
[2025-12-17 23:50:42] [DEBUG] ⏳ Waiting 7.7s before next action...
[2025-12-17 23:50:50] [INFO] 
--- Progress: 29/47 ---
[2025-12-17 23:50:50] [INFO] 📸 Fetching stories for @iska_hajeje_karsenti (ID: 687405543)
[2025-12-17 23:50:59] [SUCCESS] ✓ Successfully fetched stories for @iska_hajeje_karsenti
[2025-12-17 23:50:59] [DEBUG] ⏳ Waiting 11.7s before next action...
[2025-12-17 23:51:10] [INFO] 
--- Progress: 30/47 ---
[2025-12-17 23:51:10] [INFO] 📸 Fetching stories for @einavbooblil_benisti (ID: 292491244)
[2025-12-17 23:51:43] [SUCCESS] ✓ Successfully fetched stories for @einavbooblil_benisti
[2025-12-17 23:51:43] [INFO] 🏠 Simulating homepage visit...
[2025-12-17 23:51:43] [DEBUG] Homepage visit delay: 8.9s
[2025-12-17 23:51:52] [DEBUG] ⏳ Waiting 6.9s before next action...
[2025-12-17 23:51:59] [INFO] 
--- Progress: 31/47 ---
[2025-12-17 23:51:59] [INFO] 📸 Fetching stories for @ruchy_asher (ID: 2917864674)
[2025-12-17 23:52:08] [SUCCESS] ✓ Successfully fetched stories for @ruchy_asher
[2025-12-17 23:52:08] [DEBUG] ⏳ Waiting 10.5s before next action...
[2025-12-17 23:52:18] [INFO] 
--- Progress: 32/47 ---
[2025-12-17 23:52:18] [INFO] 📸 Fetching stories for @odel_malul148 (ID: 56710284982)
[2025-12-17 23:52:25] [SUCCESS] ✓ Successfully fetched stories for @odel_malul148
[2025-12-17 23:52:25] [DEBUG] ⏳ Waiting 5.3s before next action...
[2025-12-17 23:52:30] [INFO] 
--- Progress: 33/47 ---
[2025-12-17 23:52:30] [INFO] 📸 Fetching stories for @shahar__hauon (ID: 205732078)
[2025-12-17 23:52:44] [SUCCESS] ✓ Successfully fetched stories for @shahar__hauon
[2025-12-17 23:52:44] [INFO] 🏠 Simulating homepage visit...
[2025-12-17 23:52:44] [DEBUG] Homepage visit delay: 14.1s
[2025-12-17 23:52:58] [DEBUG] ⏳ Waiting 13.5s before next action...
[2025-12-17 23:53:12] [INFO] 
--- Progress: 34/47 ---
[2025-12-17 23:53:12] [INFO] 📸 Fetching stories for @the_adi_angel (ID: 453899185)
[2025-12-17 23:53:19] [SUCCESS] ✓ Successfully fetched stories for @the_adi_angel
[2025-12-17 23:53:19] [DEBUG] ⏳ Waiting 5.8s before next action...
[2025-12-17 23:53:25] [INFO] 
--- Progress: 35/47 ---
[2025-12-17 23:53:25] [INFO] 📸 Fetching stories for @chani_vainberger (ID: 1273615238)
[2025-12-17 23:53:55] [SUCCESS] ✓ Successfully fetched stories for @chani_vainberger
[2025-12-17 23:53:55] [DEBUG] ⏳ Waiting 13.6s before next action...
[2025-12-17 23:54:09] [INFO] 
--- Progress: 36/47 ---
[2025-12-17 23:54:09] [INFO] 📸 Fetching stories for @taliaovadia1 (ID: 487894176)
[2025-12-17 23:54:23] [SUCCESS] ✓ Successfully fetched stories for @taliaovadia1
[2025-12-17 23:54:23] [INFO] 🏠 Simulating homepage visit...
[2025-12-17 23:54:23] [DEBUG] Homepage visit delay: 6.9s
[2025-12-17 23:54:30] [DEBUG] ⏳ Waiting 5.8s before next action...
[2025-12-17 23:54:35] [INFO] 
--- Progress: 37/47 ---
[2025-12-17 23:54:35] [INFO] 📸 Fetching stories for @yaelzien (ID: 38567229589)
[2025-12-17 23:55:20] [SUCCESS] ✓ Successfully fetched stories for @yaelzien
[2025-12-17 23:55:20] [DEBUG] ⏳ Waiting 10.3s before next action...
[2025-12-17 23:55:31] [INFO] 
--- Progress: 38/47 ---
[2025-12-17 23:55:31] [INFO] 📸 Fetching stories for @halperinnana (ID: 367022132)
[2025-12-17 23:55:52] [SUCCESS] ✓ Successfully fetched stories for @halperinnana
[2025-12-17 23:55:52] [DEBUG] ⏳ Waiting 10.0s before next action...
[2025-12-17 23:56:02] [INFO] 
--- Progress: 39/47 ---
[2025-12-17 23:56:02] [INFO] 📸 Fetching stories for @giti_viner (ID: 5564973011)
[2025-12-17 23:57:26] [WARNING] 
⚠️  Interrupted by user
