[2025-12-07 22:31:25] [INFO] Configuration:
[2025-12-07 22:31:25] [INFO]   JSON file:     .\user_ids_2025-12-07_173039.json
[2025-12-07 22:31:25] [INFO]   Delay range:   30-120 seconds
[2025-12-07 22:31:25] [INFO]   Homepage freq: Every 3 influencers
[2025-12-07 22:31:25] [INFO]   Dry run:       False
[2025-12-07 22:31:25] [INFO]   Log file:      logs/stories_20251207_223125.log
[2025-12-07 22:31:25] [INFO] 
[2025-12-07 22:31:25] [INFO] ============================================================
[2025-12-07 22:31:25] [INFO] 🚀 Starting Daily Stories Automation
[2025-12-07 22:31:25] [INFO] ============================================================
[2025-12-07 22:31:25] [INFO] Loading influencers from: .\user_ids_2025-12-07_173039.json
[2025-12-07 22:31:25] [SUCCESS] Loaded 49 influencers
[2025-12-07 22:31:25] [INFO] Skipping 2 private accounts
[2025-12-07 22:31:25] [INFO] Processing 47 public accounts in random order
[2025-12-07 22:31:25] [INFO] 
--- Progress: 1/47 ---
[2025-12-07 22:31:25] [INFO] 📸 Fetching stories for @estysoco (ID: 54950354)
[2025-12-07 22:31:45] [SUCCESS] ✓ Successfully fetched stories for @estysoco
[2025-12-07 22:31:45] [DEBUG] ⏳ Waiting 95.8s before next action...
[2025-12-07 22:33:21] [INFO] 
--- Progress: 2/47 ---
[2025-12-07 22:33:21] [INFO] 📸 Fetching stories for @aline_cohenn (ID: 1495919534)
[2025-12-07 22:33:26] [SUCCESS] ✓ Successfully fetched stories for @aline_cohenn
[2025-12-07 22:33:26] [DEBUG] ⏳ Waiting 92.5s before next action...
[2025-12-07 22:34:59] [INFO] 
--- Progress: 3/47 ---
[2025-12-07 22:34:59] [INFO] 📸 Fetching stories for @sarashababo (ID: 4517983087)
[2025-12-07 22:35:04] [SUCCESS] ✓ Successfully fetched stories for @sarashababo
[2025-12-07 22:35:04] [INFO] 🏠 Simulating homepage visit...
[2025-12-07 22:35:04] [DEBUG] Homepage visit delay: 12.8s
[2025-12-07 22:35:17] [DEBUG] ⏳ Waiting 119.4s before next action...
[2025-12-07 22:36:16] [WARNING] 
⚠️  Interrupted by user
