[2025-12-25 22:26:30] [INFO] Configuration:
[2025-12-25 22:26:30] [INFO]   JSON file:     .\user_ids_2025-12-07_173039.json
[2025-12-25 22:26:30] [INFO]   Delay range:   5-15 seconds
[2025-12-25 22:26:30] [INFO]   Homepage freq: Every 3 influencers
[2025-12-25 22:26:30] [INFO]   Dry run:       False
[2025-12-25 22:26:30] [INFO]   Log file:      logs/stories_20251225_222630.log
[2025-12-25 22:26:30] [INFO] 
[2025-12-25 22:26:30] [INFO] ============================================================
[2025-12-25 22:26:30] [INFO] 🚀 Starting Daily Stories Automation
[2025-12-25 22:26:30] [INFO] ============================================================
[2025-12-25 22:26:30] [INFO] Loading influencers from: .\user_ids_2025-12-07_173039.json
[2025-12-25 22:26:30] [SUCCESS] Loaded 49 influencers
[2025-12-25 22:26:30] [INFO] Skipping 2 private accounts
[2025-12-25 22:26:30] [INFO] Processing 47 public accounts in random order
[2025-12-25 22:26:30] [INFO] 
--- Progress: 1/47 ---
[2025-12-25 22:26:30] [INFO] 📸 Fetching stories for @ayelet_fogel (ID: 686063632)
[2025-12-25 22:27:43] [SUCCESS] ✓ Successfully fetched stories for @ayelet_fogel
[2025-12-25 22:27:43] [DEBUG] ⏳ Waiting 7.1s before next action...
[2025-12-25 22:27:50] [INFO] 
--- Progress: 2/47 ---
[2025-12-25 22:27:50] [INFO] 📸 Fetching stories for @hodaya_levi_i (ID: 993779541)
[2025-12-25 22:28:08] [SUCCESS] ✓ Successfully fetched stories for @hodaya_levi_i
[2025-12-25 22:28:08] [DEBUG] ⏳ Waiting 9.3s before next action...
[2025-12-25 22:28:17] [INFO] 
--- Progress: 3/47 ---
[2025-12-25 22:28:17] [INFO] 📸 Fetching stories for @giti_viner (ID: 5564973011)
[2025-12-25 22:29:13] [SUCCESS] ✓ Successfully fetched stories for @giti_viner
[2025-12-25 22:29:13] [INFO] 🏠 Simulating homepage visit...
[2025-12-25 22:29:13] [DEBUG] Homepage visit delay: 10.5s
[2025-12-25 22:29:24] [DEBUG] ⏳ Waiting 14.5s before next action...
[2025-12-25 22:29:38] [INFO] 
--- Progress: 4/47 ---
[2025-12-25 22:29:38] [INFO] 📸 Fetching stories for @orit.shoham.raived (ID: 37416744)
[2025-12-25 22:30:11] [SUCCESS] ✓ Successfully fetched stories for @orit.shoham.raived
[2025-12-25 22:30:11] [DEBUG] ⏳ Waiting 13.4s before next action...
[2025-12-25 22:30:25] [INFO] 
--- Progress: 5/47 ---
[2025-12-25 22:30:25] [INFO] 📸 Fetching stories for @kerenshaham (ID: 17784724)
[2025-12-25 22:30:39] [SUCCESS] ✓ Successfully fetched stories for @kerenshaham
[2025-12-25 22:30:39] [DEBUG] ⏳ Waiting 12.0s before next action...
[2025-12-25 22:30:51] [INFO] 
--- Progress: 6/47 ---
[2025-12-25 22:30:51] [INFO] 📸 Fetching stories for @rutimenat_makeup_artist (ID: 1593326936)
[2025-12-25 22:30:57] [SUCCESS] ✓ Successfully fetched stories for @rutimenat_makeup_artist
[2025-12-25 22:30:57] [INFO] 🏠 Simulating homepage visit...
[2025-12-25 22:30:57] [DEBUG] Homepage visit delay: 5.4s
[2025-12-25 22:31:03] [DEBUG] ⏳ Waiting 7.7s before next action...
[2025-12-25 22:31:11] [INFO] 
--- Progress: 7/47 ---
[2025-12-25 22:31:11] [INFO] 📸 Fetching stories for @estysoco (ID: 54950354)
[2025-12-25 22:32:05] [SUCCESS] ✓ Successfully fetched stories for @estysoco
[2025-12-25 22:32:05] [DEBUG] ⏳ Waiting 12.4s before next action...
[2025-12-25 22:32:17] [INFO] 
--- Progress: 8/47 ---
[2025-12-25 22:32:17] [INFO] 📸 Fetching stories for @hana_malul (ID: 47970650725)
[2025-12-25 22:32:29] [SUCCESS] ✓ Successfully fetched stories for @hana_malul
[2025-12-25 22:32:29] [DEBUG] ⏳ Waiting 5.7s before next action...
[2025-12-25 22:32:35] [INFO] 
--- Progress: 9/47 ---
[2025-12-25 22:32:35] [INFO] 📸 Fetching stories for @tahel___cohen (ID: 776193419)
[2025-12-25 22:32:37] [SUCCESS] ✓ Successfully fetched stories for @tahel___cohen
[2025-12-25 22:32:37] [INFO] 🏠 Simulating homepage visit...
[2025-12-25 22:32:37] [DEBUG] Homepage visit delay: 8.3s
[2025-12-25 22:32:46] [DEBUG] ⏳ Waiting 11.0s before next action...
[2025-12-25 22:32:57] [INFO] 
--- Progress: 10/47 ---
[2025-12-25 22:32:57] [INFO] 📸 Fetching stories for @orli_harar_79 (ID: 7604174133)
[2025-12-25 22:33:39] [SUCCESS] ✓ Successfully fetched stories for @orli_harar_79
[2025-12-25 22:33:39] [DEBUG] ⏳ Waiting 14.4s before next action...
[2025-12-25 22:33:54] [INFO] 
--- Progress: 11/47 ---
[2025-12-25 22:33:54] [INFO] 📸 Fetching stories for @ashleywaxmanbakshi (ID: 23062597)
[2025-12-25 22:34:02] [SUCCESS] ✓ Successfully fetched stories for @ashleywaxmanbakshi
[2025-12-25 22:34:02] [DEBUG] ⏳ Waiting 13.4s before next action...
[2025-12-25 22:34:15] [INFO] 
--- Progress: 12/47 ---
[2025-12-25 22:34:15] [INFO] 📸 Fetching stories for @miri_cohenn_ (ID: 3627680922)
[2025-12-25 22:34:59] [SUCCESS] ✓ Successfully fetched stories for @miri_cohenn_
[2025-12-25 22:34:59] [INFO] 🏠 Simulating homepage visit...
[2025-12-25 22:34:59] [DEBUG] Homepage visit delay: 10.8s
[2025-12-25 22:35:10] [DEBUG] ⏳ Waiting 8.9s before next action...
[2025-12-25 22:35:19] [INFO] 
--- Progress: 13/47 ---
[2025-12-25 22:35:19] [INFO] 📸 Fetching stories for @sivanazriel123 (ID: 1936447986)
[2025-12-25 22:35:57] [SUCCESS] ✓ Successfully fetched stories for @sivanazriel123
[2025-12-25 22:35:57] [DEBUG] ⏳ Waiting 8.6s before next action...
[2025-12-25 22:36:06] [INFO] 
--- Progress: 14/47 ---
[2025-12-25 22:36:06] [INFO] 📸 Fetching stories for @shirabar_miz (ID: 53611755)
[2025-12-25 22:36:19] [SUCCESS] ✓ Successfully fetched stories for @shirabar_miz
[2025-12-25 22:36:19] [DEBUG] ⏳ Waiting 8.3s before next action...
[2025-12-25 22:36:27] [INFO] 
--- Progress: 15/47 ---
[2025-12-25 22:36:27] [INFO] 📸 Fetching stories for @batyaschiff (ID: 289493513)
[2025-12-25 22:36:42] [SUCCESS] ✓ Successfully fetched stories for @batyaschiff
[2025-12-25 22:36:42] [INFO] 🏠 Simulating homepage visit...
[2025-12-25 22:36:42] [DEBUG] Homepage visit delay: 5.7s
[2025-12-25 22:36:48] [DEBUG] ⏳ Waiting 6.6s before next action...
[2025-12-25 22:36:55] [INFO] 
--- Progress: 16/47 ---
[2025-12-25 22:36:55] [INFO] 📸 Fetching stories for @beilly_yampel (ID: 224765196)
[2025-12-25 22:37:19] [SUCCESS] ✓ Successfully fetched stories for @beilly_yampel
[2025-12-25 22:37:19] [DEBUG] ⏳ Waiting 8.6s before next action...
[2025-12-25 22:37:27] [INFO] 
--- Progress: 17/47 ---
[2025-12-25 22:37:27] [INFO] 📸 Fetching stories for @edenangelll (ID: 203425926)
[2025-12-25 22:37:33] [SUCCESS] ✓ Successfully fetched stories for @edenangelll
[2025-12-25 22:37:33] [DEBUG] ⏳ Waiting 5.6s before next action...
[2025-12-25 22:37:39] [INFO] 
--- Progress: 18/47 ---
[2025-12-25 22:37:39] [INFO] 📸 Fetching stories for @halperinnana (ID: 367022132)
[2025-12-25 22:37:56] [SUCCESS] ✓ Successfully fetched stories for @halperinnana
[2025-12-25 22:37:56] [INFO] 🏠 Simulating homepage visit...
[2025-12-25 22:37:56] [DEBUG] Homepage visit delay: 11.9s
[2025-12-25 22:38:08] [DEBUG] ⏳ Waiting 7.5s before next action...
[2025-12-25 22:38:15] [INFO] 
--- Progress: 19/47 ---
[2025-12-25 22:38:15] [INFO] 📸 Fetching stories for @shahar__hauon (ID: 205732078)
[2025-12-25 22:38:42] [SUCCESS] ✓ Successfully fetched stories for @shahar__hauon
[2025-12-25 22:38:42] [DEBUG] ⏳ Waiting 9.8s before next action...
[2025-12-25 22:38:52] [INFO] 
--- Progress: 20/47 ---
[2025-12-25 22:38:52] [INFO] 📸 Fetching stories for @sarashababo (ID: 4517983087)
[2025-12-25 22:39:04] [SUCCESS] ✓ Successfully fetched stories for @sarashababo
[2025-12-25 22:39:04] [DEBUG] ⏳ Waiting 13.3s before next action...
[2025-12-25 22:39:17] [INFO] 
--- Progress: 21/47 ---
[2025-12-25 22:39:17] [INFO] 📸 Fetching stories for @helenhod (ID: 49305136)
[2025-12-25 22:39:20] [SUCCESS] ✓ Successfully fetched stories for @helenhod
[2025-12-25 22:39:20] [INFO] 🏠 Simulating homepage visit...
[2025-12-25 22:39:20] [DEBUG] Homepage visit delay: 7.0s
[2025-12-25 22:39:27] [DEBUG] ⏳ Waiting 5.8s before next action...
[2025-12-25 22:39:33] [INFO] 
--- Progress: 22/47 ---
[2025-12-25 22:39:33] [INFO] 📸 Fetching stories for @estybarr (ID: 6175450459)
[2025-12-25 22:40:40] [SUCCESS] ✓ Successfully fetched stories for @estybarr
[2025-12-25 22:40:40] [DEBUG] ⏳ Waiting 14.5s before next action...
[2025-12-25 22:40:55] [INFO] 
--- Progress: 23/47 ---
[2025-12-25 22:40:55] [INFO] 📸 Fetching stories for @annezivi (ID: 203661168)
[2025-12-25 22:41:28] [SUCCESS] ✓ Successfully fetched stories for @annezivi
[2025-12-25 22:41:28] [DEBUG] ⏳ Waiting 10.1s before next action...
[2025-12-25 22:41:38] [INFO] 
--- Progress: 24/47 ---
[2025-12-25 22:41:38] [INFO] 📸 Fetching stories for @ruchy_asher (ID: 2917864674)
[2025-12-25 22:41:49] [SUCCESS] ✓ Successfully fetched stories for @ruchy_asher
[2025-12-25 22:41:49] [INFO] 🏠 Simulating homepage visit...
[2025-12-25 22:41:49] [DEBUG] Homepage visit delay: 8.7s
[2025-12-25 22:41:58] [DEBUG] ⏳ Waiting 9.9s before next action...
[2025-12-25 22:42:08] [INFO] 
--- Progress: 25/47 ---
[2025-12-25 22:42:08] [INFO] 📸 Fetching stories for @chanipollak (ID: 31331095)
[2025-12-25 22:42:16] [SUCCESS] ✓ Successfully fetched stories for @chanipollak
[2025-12-25 22:42:16] [DEBUG] ⏳ Waiting 9.8s before next action...
[2025-12-25 22:42:26] [INFO] 
--- Progress: 26/47 ---
[2025-12-25 22:42:26] [INFO] 📸 Fetching stories for @chavi_heifetz (ID: 24973107)
[2025-12-25 22:42:38] [SUCCESS] ✓ Successfully fetched stories for @chavi_heifetz
[2025-12-25 22:42:38] [DEBUG] ⏳ Waiting 10.4s before next action...
[2025-12-25 22:42:48] [INFO] 
--- Progress: 27/47 ---
[2025-12-25 22:42:48] [INFO] 📸 Fetching stories for @shanydaphnegoldstein (ID: 14704550)
[2025-12-25 22:43:23] [SUCCESS] ✓ Successfully fetched stories for @shanydaphnegoldstein
[2025-12-25 22:43:23] [INFO] 🏠 Simulating homepage visit...
[2025-12-25 22:43:23] [DEBUG] Homepage visit delay: 5.9s
[2025-12-25 22:43:29] [DEBUG] ⏳ Waiting 7.6s before next action...
[2025-12-25 22:43:37] [INFO] 
--- Progress: 28/47 ---
[2025-12-25 22:43:37] [INFO] 📸 Fetching stories for @corringideon (ID: 212668164)
[2025-12-25 22:44:20] [SUCCESS] ✓ Successfully fetched stories for @corringideon
[2025-12-25 22:44:20] [DEBUG] ⏳ Waiting 8.4s before next action...
[2025-12-25 22:44:28] [INFO] 
--- Progress: 29/47 ---
[2025-12-25 22:44:28] [INFO] 📸 Fetching stories for @shelyhaimov (ID: 216695190)
[2025-12-25 22:45:00] [SUCCESS] ✓ Successfully fetched stories for @shelyhaimov
[2025-12-25 22:45:00] [DEBUG] ⏳ Waiting 12.7s before next action...
[2025-12-25 22:45:13] [INFO] 
--- Progress: 30/47 ---
[2025-12-25 22:45:13] [INFO] 📸 Fetching stories for @alina_rabinovich (ID: 177407683)
[2025-12-25 22:45:20] [SUCCESS] ✓ Successfully fetched stories for @alina_rabinovich
[2025-12-25 22:45:20] [INFO] 🏠 Simulating homepage visit...
[2025-12-25 22:45:20] [DEBUG] Homepage visit delay: 9.9s
[2025-12-25 22:45:29] [DEBUG] ⏳ Waiting 9.7s before next action...
[2025-12-25 22:45:39] [INFO] 
--- Progress: 31/47 ---
[2025-12-25 22:45:39] [INFO] 📸 Fetching stories for @kimbenshimon (ID: 3735221006)
[2025-12-25 22:45:52] [SUCCESS] ✓ Successfully fetched stories for @kimbenshimon
[2025-12-25 22:45:52] [DEBUG] ⏳ Waiting 11.2s before next action...
[2025-12-25 22:46:03] [INFO] 
--- Progress: 32/47 ---
[2025-12-25 22:46:03] [INFO] 📸 Fetching stories for @danagrotsky (ID: 29131423)
[2025-12-25 22:46:52] [SUCCESS] ✓ Successfully fetched stories for @danagrotsky
[2025-12-25 22:46:52] [DEBUG] ⏳ Waiting 5.3s before next action...
[2025-12-25 22:46:58] [INFO] 
--- Progress: 33/47 ---
[2025-12-25 22:46:58] [INFO] 📸 Fetching stories for @yaelzien (ID: 38567229589)
[2025-12-25 22:48:31] [SUCCESS] ✓ Successfully fetched stories for @yaelzien
[2025-12-25 22:48:31] [INFO] 🏠 Simulating homepage visit...
[2025-12-25 22:48:31] [DEBUG] Homepage visit delay: 10.2s
[2025-12-25 22:48:41] [DEBUG] ⏳ Waiting 12.9s before next action...
[2025-12-25 22:48:54] [INFO] 
--- Progress: 34/47 ---
[2025-12-25 22:48:54] [INFO] 📸 Fetching stories for @iska_hajeje_karsenti (ID: 687405543)
[2025-12-25 22:49:57] [SUCCESS] ✓ Successfully fetched stories for @iska_hajeje_karsenti
[2025-12-25 22:49:57] [DEBUG] ⏳ Waiting 13.0s before next action...
[2025-12-25 22:50:10] [INFO] 
--- Progress: 35/47 ---
[2025-12-25 22:50:10] [INFO] 📸 Fetching stories for @taliaovadia1 (ID: 487894176)
[2025-12-25 22:50:30] [SUCCESS] ✓ Successfully fetched stories for @taliaovadia1
[2025-12-25 22:50:30] [DEBUG] ⏳ Waiting 8.0s before next action...
[2025-12-25 22:50:38] [INFO] 
--- Progress: 36/47 ---
[2025-12-25 22:50:38] [INFO] 📸 Fetching stories for @sara_basan_makeup (ID: 43098904440)
[2025-12-25 22:50:48] [SUCCESS] ✓ Successfully fetched stories for @sara_basan_makeup
[2025-12-25 22:50:48] [INFO] 🏠 Simulating homepage visit...
[2025-12-25 22:50:48] [DEBUG] Homepage visit delay: 10.3s
[2025-12-25 22:50:58] [DEBUG] ⏳ Waiting 7.2s before next action...
[2025-12-25 22:51:05] [INFO] 
--- Progress: 37/47 ---
[2025-12-25 22:51:05] [INFO] 📸 Fetching stories for @gal_tzemah_pastel (ID: 687480427)
[2025-12-25 22:51:08] [SUCCESS] ✓ Successfully fetched stories for @gal_tzemah_pastel
[2025-12-25 22:51:08] [DEBUG] ⏳ Waiting 6.5s before next action...
[2025-12-25 22:51:14] [INFO] 
--- Progress: 38/47 ---
[2025-12-25 22:51:14] [INFO] 📸 Fetching stories for @the_adi_angel (ID: 453899185)
[2025-12-25 22:51:44] [SUCCESS] ✓ Successfully fetched stories for @the_adi_angel
[2025-12-25 22:51:44] [DEBUG] ⏳ Waiting 12.8s before next action...
[2025-12-25 22:51:57] [INFO] 
--- Progress: 39/47 ---
[2025-12-25 22:51:57] [INFO] 📸 Fetching stories for @chani_vainberger (ID: 1273615238)
[2025-12-25 22:53:46] [SUCCESS] ✓ Successfully fetched stories for @chani_vainberger
[2025-12-25 22:53:46] [INFO] 🏠 Simulating homepage visit...
[2025-12-25 22:53:46] [DEBUG] Homepage visit delay: 9.8s
[2025-12-25 22:53:56] [DEBUG] ⏳ Waiting 8.7s before next action...
[2025-12-25 22:54:04] [INFO] 
--- Progress: 40/47 ---
[2025-12-25 22:54:04] [INFO] 📸 Fetching stories for @shellyeven (ID: 27064387)
[2025-12-25 22:54:42] [SUCCESS] ✓ Successfully fetched stories for @shellyeven
[2025-12-25 22:54:42] [DEBUG] ⏳ Waiting 7.7s before next action...
[2025-12-25 22:54:49] [INFO] 
--- Progress: 41/47 ---
[2025-12-25 22:54:49] [INFO] 📸 Fetching stories for @aline_cohenn (ID: 1495919534)
[2025-12-25 22:55:02] [SUCCESS] ✓ Successfully fetched stories for @aline_cohenn
[2025-12-25 22:55:02] [DEBUG] ⏳ Waiting 10.6s before next action...
[2025-12-25 22:55:13] [INFO] 
--- Progress: 42/47 ---
[2025-12-25 22:55:13] [INFO] 📸 Fetching stories for @danitgreenberg (ID: 26452000)
[2025-12-25 22:56:03] [SUCCESS] ✓ Successfully fetched stories for @danitgreenberg
[2025-12-25 22:56:03] [INFO] 🏠 Simulating homepage visit...
[2025-12-25 22:56:03] [DEBUG] Homepage visit delay: 13.0s
[2025-12-25 22:56:16] [DEBUG] ⏳ Waiting 6.6s before next action...
[2025-12-25 22:56:22] [INFO] 
--- Progress: 43/47 ---
[2025-12-25 22:56:22] [INFO] 📸 Fetching stories for @shilatcohen_social (ID: 39138651195)
[2025-12-25 22:56:55] [SUCCESS] ✓ Successfully fetched stories for @shilatcohen_social
[2025-12-25 22:56:55] [DEBUG] ⏳ Waiting 14.0s before next action...
[2025-12-25 22:57:09] [INFO] 
--- Progress: 44/47 ---
[2025-12-25 22:57:09] [INFO] 📸 Fetching stories for @einavbooblil_benisti (ID: 292491244)
[2025-12-25 22:59:10] [ERROR] ✗ Timeout for @einavbooblil_benisti (exceeded 120s)
[2025-12-25 22:59:10] [DEBUG] ⏳ Waiting 11.7s before next action...
[2025-12-25 22:59:21] [INFO] 
--- Progress: 45/47 ---
[2025-12-25 22:59:21] [INFO] 📸 Fetching stories for @odel_malul148 (ID: 56710284982)
[2025-12-25 22:59:23] [SUCCESS] ✓ Successfully fetched stories for @odel_malul148
[2025-12-25 22:59:23] [INFO] 🏠 Simulating homepage visit...
[2025-12-25 22:59:23] [DEBUG] Homepage visit delay: 8.5s
[2025-12-25 22:59:32] [DEBUG] ⏳ Waiting 6.6s before next action...
[2025-12-25 22:59:38] [INFO] 
--- Progress: 46/47 ---
[2025-12-25 22:59:38] [INFO] 📸 Fetching stories for @shuki_salomon (ID: 2049372608)
[2025-12-25 23:00:43] [SUCCESS] ✓ Successfully fetched stories for @shuki_salomon
[2025-12-25 23:00:43] [DEBUG] ⏳ Waiting 14.6s before next action...
[2025-12-25 23:00:58] [INFO] 
--- Progress: 47/47 ---
[2025-12-25 23:00:58] [INFO] 📸 Fetching stories for @danielamit (ID: 37235253)
[2025-12-25 23:02:38] [SUCCESS] ✓ Successfully fetched stories for @danielamit
[2025-12-25 23:02:38] [INFO] 
============================================================
[2025-12-25 23:02:38] [INFO] 📊 AUTOMATION SUMMARY
[2025-12-25 23:02:38] [INFO] ============================================================
[2025-12-25 23:02:38] [INFO] Total processed:    47
[2025-12-25 23:02:38] [INFO] ✓ Successful:       46
[2025-12-25 23:02:38] [INFO] ✗ Failed:           1
[2025-12-25 23:02:38] [INFO] ⊘ Skipped:          2
[2025-12-25 23:02:38] [INFO] 🏠 Homepage visits:  15
[2025-12-25 23:02:38] [INFO] ⏱ Total time:       36.1 minutes
[2025-12-25 23:02:38] [INFO] ============================================================
[2025-12-25 23:02:38] [WARNING] ⚠️  1 influencers failed - check logs for details
