[2025-11-29 21:38:50] [INFO] Configuration:
[2025-11-29 21:38:50] [INFO]   JSON file:     .\user_ids_2025-11-29_192213.json
[2025-11-29 21:38:50] [INFO]   Delay range:   2-5 seconds
[2025-11-29 21:38:50] [INFO]   Homepage freq: Every 3 influencers
[2025-11-29 21:38:50] [INFO]   Dry run:       False
[2025-11-29 21:38:50] [INFO]   Log file:      logs/stories_20251129_213850.log
[2025-11-29 21:38:50] [INFO] 
[2025-11-29 21:38:50] [INFO] ============================================================
[2025-11-29 21:38:50] [INFO] 🚀 Starting Daily Stories Automation
[2025-11-29 21:38:50] [INFO] ============================================================
[2025-11-29 21:38:50] [INFO] Loading influencers from: .\user_ids_2025-11-29_192213.json
[2025-11-29 21:38:50] [SUCCESS] Loaded 49 influencers
[2025-11-29 21:38:50] [INFO] Skipping 1 private accounts
[2025-11-29 21:38:50] [INFO] Processing 48 public accounts in random order
[2025-11-29 21:38:50] [INFO] 
--- Progress: 1/48 ---
[2025-11-29 21:38:50] [INFO] 📸 Fetching stories for @shahar__hauon (ID: 205732078)
[2025-11-29 21:38:52] [SUCCESS] ✓ Successfully fetched stories for @shahar__hauon
[2025-11-29 21:38:52] [DEBUG] ⏳ Waiting 3.7s before next action...
[2025-11-29 21:38:56] [INFO] 
--- Progress: 2/48 ---
[2025-11-29 21:38:56] [INFO] 📸 Fetching stories for @sara_basan_makeup (ID: 43098904440)
[2025-11-29 21:39:12] [SUCCESS] ✓ Successfully fetched stories for @sara_basan_makeup
[2025-11-29 21:39:12] [DEBUG] ⏳ Waiting 2.9s before next action...
[2025-11-29 21:39:15] [INFO] 
--- Progress: 3/48 ---
[2025-11-29 21:39:15] [INFO] 📸 Fetching stories for @tahel___cohen (ID: 776193419)
[2025-11-29 21:39:23] [SUCCESS] ✓ Successfully fetched stories for @tahel___cohen
[2025-11-29 21:39:23] [INFO] 🏠 Simulating homepage visit...
[2025-11-29 21:39:23] [DEBUG] Homepage visit delay: 9.4s
[2025-11-29 21:39:32] [DEBUG] ⏳ Waiting 4.2s before next action...
[2025-11-29 21:39:36] [INFO] 
--- Progress: 4/48 ---
[2025-11-29 21:39:36] [INFO] 📸 Fetching stories for @danielamit (ID: 37235253)
[2025-11-29 21:40:36] [SUCCESS] ✓ Successfully fetched stories for @danielamit
[2025-11-29 21:40:36] [DEBUG] ⏳ Waiting 4.8s before next action...
[2025-11-29 21:40:41] [INFO] 
--- Progress: 5/48 ---
[2025-11-29 21:40:41] [INFO] 📸 Fetching stories for @halperinnana (ID: 367022132)
[2025-11-29 21:40:42] [SUCCESS] ✓ Successfully fetched stories for @halperinnana
[2025-11-29 21:40:42] [DEBUG] ⏳ Waiting 3.4s before next action...
[2025-11-29 21:40:45] [INFO] 
--- Progress: 6/48 ---
[2025-11-29 21:40:45] [INFO] 📸 Fetching stories for @odel_malul148 (ID: 56710284982)
[2025-11-29 21:40:48] [SUCCESS] ✓ Successfully fetched stories for @odel_malul148
[2025-11-29 21:40:48] [INFO] 🏠 Simulating homepage visit...
[2025-11-29 21:40:48] [DEBUG] Homepage visit delay: 12.5s
[2025-11-29 21:41:00] [DEBUG] ⏳ Waiting 2.5s before next action...
[2025-11-29 21:41:03] [INFO] 
--- Progress: 7/48 ---
[2025-11-29 21:41:03] [INFO] 📸 Fetching stories for @taliaovadia1 (ID: 487894176)
[2025-11-29 21:41:03] [SUCCESS] ✓ Successfully fetched stories for @taliaovadia1
[2025-11-29 21:41:03] [DEBUG] ⏳ Waiting 4.7s before next action...
[2025-11-29 21:41:08] [INFO] 
--- Progress: 8/48 ---
[2025-11-29 21:41:08] [INFO] 📸 Fetching stories for @ruchy_asher (ID: 2917864674)
[2025-11-29 21:41:09] [SUCCESS] ✓ Successfully fetched stories for @ruchy_asher
[2025-11-29 21:41:09] [DEBUG] ⏳ Waiting 4.3s before next action...
[2025-11-29 21:41:13] [INFO] 
--- Progress: 9/48 ---
[2025-11-29 21:41:13] [INFO] 📸 Fetching stories for @shuki_salomon (ID: 2049372608)
[2025-11-29 21:41:27] [SUCCESS] ✓ Successfully fetched stories for @shuki_salomon
[2025-11-29 21:41:27] [INFO] 🏠 Simulating homepage visit...
[2025-11-29 21:41:27] [DEBUG] Homepage visit delay: 6.9s
[2025-11-29 21:41:34] [DEBUG] ⏳ Waiting 3.5s before next action...
[2025-11-29 21:41:37] [INFO] 
--- Progress: 10/48 ---
[2025-11-29 21:41:37] [INFO] 📸 Fetching stories for @alina_rabinovich (ID: 177407683)
[2025-11-29 21:41:47] [SUCCESS] ✓ Successfully fetched stories for @alina_rabinovich
[2025-11-29 21:41:47] [DEBUG] ⏳ Waiting 3.7s before next action...
[2025-11-29 21:41:51] [INFO] 
--- Progress: 11/48 ---
[2025-11-29 21:41:51] [INFO] 📸 Fetching stories for @iska_hajeje_karsenti (ID: 687405543)
[2025-11-29 21:42:21] [SUCCESS] ✓ Successfully fetched stories for @iska_hajeje_karsenti
[2025-11-29 21:42:21] [DEBUG] ⏳ Waiting 2.9s before next action...
[2025-11-29 21:42:24] [INFO] 
--- Progress: 12/48 ---
[2025-11-29 21:42:24] [INFO] 📸 Fetching stories for @estysoco (ID: 54950354)
[2025-11-29 21:42:39] [SUCCESS] ✓ Successfully fetched stories for @estysoco
[2025-11-29 21:42:39] [INFO] 🏠 Simulating homepage visit...
[2025-11-29 21:42:39] [DEBUG] Homepage visit delay: 11.7s
[2025-11-29 21:42:50] [DEBUG] ⏳ Waiting 3.3s before next action...
[2025-11-29 21:42:54] [INFO] 
--- Progress: 13/48 ---
[2025-11-29 21:42:54] [INFO] 📸 Fetching stories for @kimbenshimon (ID: 3735221006)
[2025-11-29 21:42:57] [SUCCESS] ✓ Successfully fetched stories for @kimbenshimon
[2025-11-29 21:42:57] [DEBUG] ⏳ Waiting 4.9s before next action...
[2025-11-29 21:43:02] [INFO] 
--- Progress: 14/48 ---
[2025-11-29 21:43:02] [INFO] 📸 Fetching stories for @or_shpitz (ID: 193448389)
[2025-11-29 21:43:15] [SUCCESS] ✓ Successfully fetched stories for @or_shpitz
[2025-11-29 21:43:15] [DEBUG] ⏳ Waiting 2.1s before next action...
[2025-11-29 21:43:17] [INFO] 
--- Progress: 15/48 ---
[2025-11-29 21:43:17] [INFO] 📸 Fetching stories for @hodaya_levi_i (ID: 993779541)
[2025-11-29 21:43:21] [SUCCESS] ✓ Successfully fetched stories for @hodaya_levi_i
[2025-11-29 21:43:21] [INFO] 🏠 Simulating homepage visit...
[2025-11-29 21:43:21] [DEBUG] Homepage visit delay: 8.0s
[2025-11-29 21:43:29] [DEBUG] ⏳ Waiting 3.8s before next action...
[2025-11-29 21:43:33] [INFO] 
--- Progress: 16/48 ---
[2025-11-29 21:43:33] [INFO] 📸 Fetching stories for @orli_harar_79 (ID: 7604174133)
[2025-11-29 21:43:38] [SUCCESS] ✓ Successfully fetched stories for @orli_harar_79
[2025-11-29 21:43:38] [DEBUG] ⏳ Waiting 4.3s before next action...
[2025-11-29 21:43:42] [INFO] 
--- Progress: 17/48 ---
[2025-11-29 21:43:42] [INFO] 📸 Fetching stories for @chavi_heifetz (ID: 24973107)
[2025-11-29 21:43:44] [SUCCESS] ✓ Successfully fetched stories for @chavi_heifetz
[2025-11-29 21:43:44] [DEBUG] ⏳ Waiting 4.6s before next action...
[2025-11-29 21:43:49] [INFO] 
--- Progress: 18/48 ---
[2025-11-29 21:43:49] [INFO] 📸 Fetching stories for @estybarr (ID: 6175450459)
[2025-11-29 21:44:07] [SUCCESS] ✓ Successfully fetched stories for @estybarr
[2025-11-29 21:44:07] [INFO] 🏠 Simulating homepage visit...
[2025-11-29 21:44:07] [DEBUG] Homepage visit delay: 8.5s
[2025-11-29 21:44:15] [DEBUG] ⏳ Waiting 2.9s before next action...
[2025-11-29 21:44:18] [INFO] 
--- Progress: 19/48 ---
[2025-11-29 21:44:18] [INFO] 📸 Fetching stories for @corringideon (ID: 212668164)
[2025-11-29 21:44:28] [SUCCESS] ✓ Successfully fetched stories for @corringideon
[2025-11-29 21:44:28] [DEBUG] ⏳ Waiting 3.9s before next action...
[2025-11-29 21:44:32] [INFO] 
--- Progress: 20/48 ---
[2025-11-29 21:44:32] [INFO] 📸 Fetching stories for @chani_vainberger (ID: 1273615238)
[2025-11-29 21:45:18] [SUCCESS] ✓ Successfully fetched stories for @chani_vainberger
[2025-11-29 21:45:18] [DEBUG] ⏳ Waiting 3.0s before next action...
[2025-11-29 21:45:21] [INFO] 
--- Progress: 21/48 ---
[2025-11-29 21:45:21] [INFO] 📸 Fetching stories for @rutimenat_makeup_artist (ID: 1593326936)
[2025-11-29 21:45:40] [SUCCESS] ✓ Successfully fetched stories for @rutimenat_makeup_artist
[2025-11-29 21:45:40] [INFO] 🏠 Simulating homepage visit...
[2025-11-29 21:45:40] [DEBUG] Homepage visit delay: 9.7s
[2025-11-29 21:45:49] [DEBUG] ⏳ Waiting 3.1s before next action...
[2025-11-29 21:45:52] [INFO] 
--- Progress: 22/48 ---
[2025-11-29 21:45:52] [INFO] 📸 Fetching stories for @shelyhaimov (ID: 216695190)
[2025-11-29 21:45:57] [SUCCESS] ✓ Successfully fetched stories for @shelyhaimov
[2025-11-29 21:45:57] [DEBUG] ⏳ Waiting 2.7s before next action...
[2025-11-29 21:46:00] [INFO] 
--- Progress: 23/48 ---
[2025-11-29 21:46:00] [INFO] 📸 Fetching stories for @ayelet_fogel (ID: 686063632)
[2025-11-29 21:46:08] [SUCCESS] ✓ Successfully fetched stories for @ayelet_fogel
[2025-11-29 21:46:08] [DEBUG] ⏳ Waiting 2.8s before next action...
[2025-11-29 21:46:11] [INFO] 
--- Progress: 24/48 ---
[2025-11-29 21:46:11] [INFO] 📸 Fetching stories for @annezivi (ID: 203661168)
[2025-11-29 21:46:23] [SUCCESS] ✓ Successfully fetched stories for @annezivi
[2025-11-29 21:46:23] [INFO] 🏠 Simulating homepage visit...
[2025-11-29 21:46:23] [DEBUG] Homepage visit delay: 12.4s
[2025-11-29 21:46:36] [DEBUG] ⏳ Waiting 3.2s before next action...
[2025-11-29 21:46:39] [INFO] 
--- Progress: 25/48 ---
[2025-11-29 21:46:39] [INFO] 📸 Fetching stories for @danagrotsky (ID: 29131423)
[2025-11-29 21:46:40] [SUCCESS] ✓ Successfully fetched stories for @danagrotsky
[2025-11-29 21:46:40] [DEBUG] ⏳ Waiting 4.8s before next action...
[2025-11-29 21:46:45] [INFO] 
--- Progress: 26/48 ---
[2025-11-29 21:46:45] [INFO] 📸 Fetching stories for @giti_viner (ID: 5564973011)
[2025-11-29 21:47:14] [SUCCESS] ✓ Successfully fetched stories for @giti_viner
[2025-11-29 21:47:14] [DEBUG] ⏳ Waiting 2.2s before next action...
[2025-11-29 21:47:16] [INFO] 
--- Progress: 27/48 ---
[2025-11-29 21:47:16] [INFO] 📸 Fetching stories for @kerenshaham (ID: 17784724)
[2025-11-29 21:47:29] [SUCCESS] ✓ Successfully fetched stories for @kerenshaham
[2025-11-29 21:47:29] [INFO] 🏠 Simulating homepage visit...
[2025-11-29 21:47:29] [DEBUG] Homepage visit delay: 11.2s
[2025-11-29 21:47:40] [DEBUG] ⏳ Waiting 3.5s before next action...
[2025-11-29 21:47:44] [INFO] 
--- Progress: 28/48 ---
[2025-11-29 21:47:44] [INFO] 📸 Fetching stories for @shilatcohen_social (ID: 39138651195)
[2025-11-29 21:47:57] [SUCCESS] ✓ Successfully fetched stories for @shilatcohen_social
[2025-11-29 21:47:57] [DEBUG] ⏳ Waiting 4.3s before next action...
[2025-11-29 21:48:01] [INFO] 
--- Progress: 29/48 ---
[2025-11-29 21:48:01] [INFO] 📸 Fetching stories for @orit.shoham.raived (ID: 37416744)
[2025-11-29 21:48:37] [SUCCESS] ✓ Successfully fetched stories for @orit.shoham.raived
[2025-11-29 21:48:37] [DEBUG] ⏳ Waiting 4.8s before next action...
[2025-11-29 21:48:42] [INFO] 
--- Progress: 30/48 ---
[2025-11-29 21:48:42] [INFO] 📸 Fetching stories for @shanydaphnegoldstein (ID: 14704550)
[2025-11-29 21:48:55] [SUCCESS] ✓ Successfully fetched stories for @shanydaphnegoldstein
[2025-11-29 21:48:55] [INFO] 🏠 Simulating homepage visit...
[2025-11-29 21:48:55] [DEBUG] Homepage visit delay: 13.2s
[2025-11-29 21:49:08] [DEBUG] ⏳ Waiting 3.3s before next action...
[2025-11-29 21:49:11] [INFO] 
--- Progress: 31/48 ---
[2025-11-29 21:49:11] [INFO] 📸 Fetching stories for @gal_tzemah_pastel (ID: 687480427)
[2025-11-29 21:49:14] [SUCCESS] ✓ Successfully fetched stories for @gal_tzemah_pastel
[2025-11-29 21:49:14] [DEBUG] ⏳ Waiting 3.0s before next action...
[2025-11-29 21:49:17] [INFO] 
--- Progress: 32/48 ---
[2025-11-29 21:49:17] [INFO] 📸 Fetching stories for @hana_malul (ID: 47970650725)
[2025-11-29 21:49:33] [SUCCESS] ✓ Successfully fetched stories for @hana_malul
[2025-11-29 21:49:33] [DEBUG] ⏳ Waiting 4.3s before next action...
[2025-11-29 21:49:38] [INFO] 
--- Progress: 33/48 ---
[2025-11-29 21:49:38] [INFO] 📸 Fetching stories for @sarashababo (ID: 4517983087)
[2025-11-29 21:49:46] [SUCCESS] ✓ Successfully fetched stories for @sarashababo
[2025-11-29 21:49:46] [INFO] 🏠 Simulating homepage visit...
[2025-11-29 21:49:46] [DEBUG] Homepage visit delay: 12.4s
[2025-11-29 21:49:58] [DEBUG] ⏳ Waiting 3.5s before next action...
[2025-11-29 21:50:01] [INFO] 
--- Progress: 34/48 ---
[2025-11-29 21:50:01] [INFO] 📸 Fetching stories for @helenhod (ID: 49305136)
[2025-11-29 21:50:12] [SUCCESS] ✓ Successfully fetched stories for @helenhod
[2025-11-29 21:50:12] [DEBUG] ⏳ Waiting 2.9s before next action...
[2025-11-29 21:50:15] [INFO] 
--- Progress: 35/48 ---
[2025-11-29 21:50:15] [INFO] 📸 Fetching stories for @sivanazriel123 (ID: 1936447986)
[2025-11-29 21:51:23] [SUCCESS] ✓ Successfully fetched stories for @sivanazriel123
[2025-11-29 21:51:23] [DEBUG] ⏳ Waiting 4.8s before next action...
[2025-11-29 21:51:27] [INFO] 
--- Progress: 36/48 ---
[2025-11-29 21:51:27] [INFO] 📸 Fetching stories for @shellyeven (ID: 27064387)
[2025-11-29 21:51:42] [SUCCESS] ✓ Successfully fetched stories for @shellyeven
[2025-11-29 21:51:42] [INFO] 🏠 Simulating homepage visit...
[2025-11-29 21:51:42] [DEBUG] Homepage visit delay: 10.8s
[2025-11-29 21:51:53] [DEBUG] ⏳ Waiting 4.3s before next action...
[2025-11-29 21:51:57] [INFO] 
--- Progress: 37/48 ---
[2025-11-29 21:51:57] [INFO] 📸 Fetching stories for @yaelzien (ID: 38567229589)
[2025-11-29 21:52:07] [SUCCESS] ✓ Successfully fetched stories for @yaelzien
[2025-11-29 21:52:07] [DEBUG] ⏳ Waiting 4.1s before next action...
[2025-11-29 21:52:11] [INFO] 
--- Progress: 38/48 ---
[2025-11-29 21:52:11] [INFO] 📸 Fetching stories for @chanipollak (ID: 31331095)
[2025-11-29 21:52:14] [SUCCESS] ✓ Successfully fetched stories for @chanipollak
[2025-11-29 21:52:14] [DEBUG] ⏳ Waiting 3.3s before next action...
[2025-11-29 21:52:17] [INFO] 
--- Progress: 39/48 ---
[2025-11-29 21:52:17] [INFO] 📸 Fetching stories for @the_adi_angel (ID: 453899185)
[2025-11-29 21:52:18] [SUCCESS] ✓ Successfully fetched stories for @the_adi_angel
[2025-11-29 21:52:18] [INFO] 🏠 Simulating homepage visit...
[2025-11-29 21:52:18] [DEBUG] Homepage visit delay: 8.8s
[2025-11-29 21:52:27] [DEBUG] ⏳ Waiting 4.9s before next action...
[2025-11-29 21:52:32] [INFO] 
--- Progress: 40/48 ---
[2025-11-29 21:52:32] [INFO] 📸 Fetching stories for @shirabar_miz (ID: 53611755)
[2025-11-29 21:52:36] [SUCCESS] ✓ Successfully fetched stories for @shirabar_miz
[2025-11-29 21:52:36] [DEBUG] ⏳ Waiting 3.7s before next action...
[2025-11-29 21:52:40] [INFO] 
--- Progress: 41/48 ---
[2025-11-29 21:52:40] [INFO] 📸 Fetching stories for @aline_cohenn (ID: 1495919534)
[2025-11-29 21:52:41] [SUCCESS] ✓ Successfully fetched stories for @aline_cohenn
[2025-11-29 21:52:41] [DEBUG] ⏳ Waiting 3.8s before next action...
[2025-11-29 21:52:45] [INFO] 
--- Progress: 42/48 ---
[2025-11-29 21:52:45] [INFO] 📸 Fetching stories for @batyaschiff (ID: 289493513)
[2025-11-29 21:52:45] [SUCCESS] ✓ Successfully fetched stories for @batyaschiff
[2025-11-29 21:52:45] [INFO] 🏠 Simulating homepage visit...
[2025-11-29 21:52:45] [DEBUG] Homepage visit delay: 7.4s
[2025-11-29 21:52:53] [DEBUG] ⏳ Waiting 2.8s before next action...
[2025-11-29 21:52:56] [INFO] 
--- Progress: 43/48 ---
[2025-11-29 21:52:56] [INFO] 📸 Fetching stories for @miri_cohenn_ (ID: 3627680922)
[2025-11-29 21:53:11] [SUCCESS] ✓ Successfully fetched stories for @miri_cohenn_
[2025-11-29 21:53:11] [DEBUG] ⏳ Waiting 4.0s before next action...
[2025-11-29 21:53:15] [INFO] 
--- Progress: 44/48 ---
[2025-11-29 21:53:15] [INFO] 📸 Fetching stories for @ashleywaxmanbakshi (ID: 23062597)
[2025-11-29 21:53:19] [SUCCESS] ✓ Successfully fetched stories for @ashleywaxmanbakshi
[2025-11-29 21:53:19] [DEBUG] ⏳ Waiting 3.0s before next action...
[2025-11-29 21:53:22] [INFO] 
--- Progress: 45/48 ---
[2025-11-29 21:53:22] [INFO] 📸 Fetching stories for @edenangelll (ID: 203425926)
[2025-11-29 21:53:27] [SUCCESS] ✓ Successfully fetched stories for @edenangelll
[2025-11-29 21:53:27] [INFO] 🏠 Simulating homepage visit...
[2025-11-29 21:53:27] [DEBUG] Homepage visit delay: 14.5s
[2025-11-29 21:53:42] [DEBUG] ⏳ Waiting 3.5s before next action...
[2025-11-29 21:53:45] [INFO] 
--- Progress: 46/48 ---
[2025-11-29 21:53:45] [INFO] 📸 Fetching stories for @einavbooblil_benisti (ID: 292491244)
[2025-11-29 21:54:10] [SUCCESS] ✓ Successfully fetched stories for @einavbooblil_benisti
[2025-11-29 21:54:10] [DEBUG] ⏳ Waiting 4.4s before next action...
[2025-11-29 21:54:15] [INFO] 
--- Progress: 47/48 ---
[2025-11-29 21:54:15] [INFO] 📸 Fetching stories for @beilly_yampel (ID: 224765196)
[2025-11-29 21:54:50] [SUCCESS] ✓ Successfully fetched stories for @beilly_yampel
[2025-11-29 21:54:50] [DEBUG] ⏳ Waiting 4.0s before next action...
[2025-11-29 21:54:54] [INFO] 
--- Progress: 48/48 ---
[2025-11-29 21:54:54] [INFO] 📸 Fetching stories for @danitgreenberg (ID: 26452000)
[2025-11-29 21:54:58] [SUCCESS] ✓ Successfully fetched stories for @danitgreenberg
[2025-11-29 21:54:58] [INFO] 
============================================================
[2025-11-29 21:54:58] [INFO] 📊 AUTOMATION SUMMARY
[2025-11-29 21:54:58] [INFO] ============================================================
[2025-11-29 21:54:58] [INFO] Total processed:    48
[2025-11-29 21:54:58] [INFO] ✓ Successful:       48
[2025-11-29 21:54:58] [INFO] ✗ Failed:           0
[2025-11-29 21:54:58] [INFO] ⊘ Skipped:          1
[2025-11-29 21:54:58] [INFO] 🏠 Homepage visits:  15
[2025-11-29 21:54:58] [INFO] ⏱ Total time:       16.1 minutes
[2025-11-29 21:54:58] [INFO] ============================================================
